Component: ARM Compiler 5.05 update 1 (build 106) Tool: armlink [4d0efa]

==============================================================================

Section Cross References

    startup_fm33lc0xx.o(STACK) refers (Special) to heapauxi.o(.text) for __use_two_region_memory
    startup_fm33lc0xx.o(HEAP) refers (Special) to heapauxi.o(.text) for __use_two_region_memory
    startup_fm33lc0xx.o(RESET) refers (Special) to heapauxi.o(.text) for __use_two_region_memory
    startup_fm33lc0xx.o(RESET) refers to startup_fm33lc0xx.o(STACK) for __initial_sp
    startup_fm33lc0xx.o(RESET) refers to startup_fm33lc0xx.o(.text) for Reset_Handler
    startup_fm33lc0xx.o(RESET) refers to main.o(i.HardFault_Handler) for HardFault_Handler
    startup_fm33lc0xx.o(RESET) refers to port.o(i.vPortSVCHandler) for vPortSVCHandler
    startup_fm33lc0xx.o(RESET) refers to port.o(.emb_text) for xPortPendSVHandler
    startup_fm33lc0xx.o(RESET) refers to port.o(i.xPortSysTickHandler) for xPortSysTickHandler
    startup_fm33lc0xx.o(RESET) refers to adc.o(i.ADC_IRQHandler) for ADC_IRQHandler
    startup_fm33lc0xx.o(RESET) refers to lptim32_timing.o(i.LPTIM_IRQHandler) for LPTIM_IRQHandler
    startup_fm33lc0xx.o(RESET) refers to uart.o(i.DMA_IRQHandler) for DMA_IRQHandler
    startup_fm33lc0xx.o(RESET) refers to bstim32_timing.o(i.BSTIM_IRQHandler) for BSTIM_IRQHandler
    startup_fm33lc0xx.o(.text) refers (Special) to heapauxi.o(.text) for __use_two_region_memory
    startup_fm33lc0xx.o(.text) refers to system_fm33lc0xx.o(i.SystemInit) for SystemInit
    startup_fm33lc0xx.o(.text) refers to __main.o(!!!main) for __main
    startup_fm33lc0xx.o(.text) refers to startup_fm33lc0xx.o(HEAP) for Heap_Mem
    startup_fm33lc0xx.o(.text) refers to startup_fm33lc0xx.o(STACK) for Stack_Mem
    mf_config.o(i.MF_ADC_Common_Init) refers to fm33lc0xx_fl_adc.o(i.FL_ADC_CommonInit) for FL_ADC_CommonInit
    mf_config.o(i.MF_ADC_Init) refers to fm33lc0xx_fl_adc.o(i.FL_ADC_Init) for FL_ADC_Init
    mf_config.o(i.MF_ADC_Init) refers to fm33lc0xx_fl_gpio.o(i.FL_GPIO_Init) for FL_GPIO_Init
    mf_config.o(i.MF_BSTIM32_Init) refers to fm33lc0xx_fl_bstim32.o(i.FL_BSTIM32_Init) for FL_BSTIM32_Init
    mf_config.o(i.MF_Config_Init) refers to mf_config.o(i.MF_ADC_Common_Init) for MF_ADC_Common_Init
    mf_config.o(i.MF_Config_Init) refers to mf_config.o(i.MF_ADC_Init) for MF_ADC_Init
    mf_config.o(i.MF_Config_Init) refers to mf_config.o(i.MF_BSTIM32_Init) for MF_BSTIM32_Init
    mf_config.o(i.MF_Config_Init) refers to mf_config.o(i.MF_LPTIM32_Init) for MF_LPTIM32_Init
    mf_config.o(i.MF_Config_Init) refers to mf_config.o(i.MF_NVIC_Init) for MF_NVIC_Init
    mf_config.o(i.MF_LPTIM32_Init) refers to fm33lc0xx_fl_lptim32.o(i.FL_LPTIM32_Init) for FL_LPTIM32_Init
    mf_config.o(i.MF_NVIC_Init) refers to system_fm33lc0xx.o(i.NVIC_Init) for NVIC_Init
    adc.o(i.ADC_IRQHandler) refers to adc.o(i.FL_ADC_IsActiveFlag_EndOfConversion) for FL_ADC_IsActiveFlag_EndOfConversion
    adc.o(i.ADC_IRQHandler) refers to adc.o(i.FL_ADC_ClearFlag_EndOfConversion) for FL_ADC_ClearFlag_EndOfConversion
    adc.o(i.ADC_IRQHandler) refers to adc.o(.data) for ADCComplete
    adc.o(i.GetConvertSample) refers to adc.o(i.GetSingleChannelSample_POLL) for GetSingleChannelSample_POLL
    adc.o(i.GetConvertSample) refers to adc.o(.data) for ADCbuffer
    adc.o(i.GetSingleChannelSample_IT) refers to adc.o(i.FL_RCC_SetADCPrescaler) for FL_RCC_SetADCPrescaler
    adc.o(i.GetSingleChannelSample_IT) refers to adc.o(i.FL_ADC_EnableSequencerChannel) for FL_ADC_EnableSequencerChannel
    adc.o(i.GetSingleChannelSample_IT) refers to adc.o(i.FL_ADC_ClearFlag_EndOfConversion) for FL_ADC_ClearFlag_EndOfConversion
    adc.o(i.GetSingleChannelSample_IT) refers to adc.o(i.FL_ADC_Enable) for FL_ADC_Enable
    adc.o(i.GetSingleChannelSample_IT) refers to adc.o(i.FL_ADC_EnableSWConversion) for FL_ADC_EnableSWConversion
    adc.o(i.GetSingleChannelSample_IT) refers to tasks.o(i.vTaskDelay) for vTaskDelay
    adc.o(i.GetSingleChannelSample_IT) refers to adc.o(i.FL_ADC_ReadConversionData) for FL_ADC_ReadConversionData
    adc.o(i.GetSingleChannelSample_IT) refers to adc.o(i.FL_ADC_Disable) for FL_ADC_Disable
    adc.o(i.GetSingleChannelSample_IT) refers to adc.o(i.FL_ADC_DisableSequencerChannel) for FL_ADC_DisableSequencerChannel
    adc.o(i.GetSingleChannelSample_IT) refers to adc.o(.data) for ADCComplete
    adc.o(i.GetSingleChannelSample_POLL) refers to adc.o(i.FL_RCC_SetADCPrescaler) for FL_RCC_SetADCPrescaler
    adc.o(i.GetSingleChannelSample_POLL) refers to adc.o(i.FL_ADC_EnableSequencerChannel) for FL_ADC_EnableSequencerChannel
    adc.o(i.GetSingleChannelSample_POLL) refers to adc.o(i.FL_ADC_ClearFlag_EndOfConversion) for FL_ADC_ClearFlag_EndOfConversion
    adc.o(i.GetSingleChannelSample_POLL) refers to adc.o(i.FL_ADC_Enable) for FL_ADC_Enable
    adc.o(i.GetSingleChannelSample_POLL) refers to adc.o(i.FL_ADC_EnableSWConversion) for FL_ADC_EnableSWConversion
[...]
    ..\FreeRTOS\timers.c                     0x00000000   Number         0  timers.o ABSOLUTE
    ..\MF-config\Src\mf_config.c             0x00000000   Number         0  mf_config.o ABSOLUTE
    ..\Src\adc.c                             0x00000000   Number         0  adc.o ABSOLUTE
    ..\Src\bstim32_timing.c                  0x00000000   Number         0  bstim32_timing.o ABSOLUTE
    ..\Src\gpio.c                            0x00000000   Number         0  gpio.o ABSOLUTE
    ..\Src\lptim32_timing.c                  0x00000000   Number         0  lptim32_timing.o ABSOLUTE
    ..\Src\main.c                            0x00000000   Number         0  main.o ABSOLUTE
    ..\Src\pll.c                             0x00000000   Number         0  pll.o ABSOLUTE
    ..\Src\taskadc.c                         0x00000000   Number         0  taskadc.o ABSOLUTE
    ..\Src\taskuart.c                        0x00000000   Number         0  taskuart.o ABSOLUTE
    ..\Src\uart.c                            0x00000000   Number         0  uart.o ABSOLUTE
    ..\Src\user_init.c                       0x00000000   Number         0  user_init.o ABSOLUTE
    ..\\Drivers\\CMSIS\\Device\\FM\\FM33xx\\Source\\system_fm33lc0xx.c 0x00000000   Number         0  system_fm33lc0xx.o ABSOLUTE
    ..\\Drivers\\FM33LC0xx_FL_Driver\\Src\\fm33lc0xx_fl_adc.c 0x00000000   Number         0  fm33lc0xx_fl_adc.o ABSOLUTE
    ..\\Drivers\\FM33LC0xx_FL_Driver\\Src\\fm33lc0xx_fl_aes.c 0x00000000   Number         0  fm33lc0xx_fl_aes.o ABSOLUTE
    ..\\Drivers\\FM33LC0xx_FL_Driver\\Src\\fm33lc0xx_fl_atim.c 0x00000000   Number         0  fm33lc0xx_fl_atim.o ABSOLUTE
    ..\\Drivers\\FM33LC0xx_FL_Driver\\Src\\fm33lc0xx_fl_bstim32.c 0x00000000   Number         0  fm33lc0xx_fl_bstim32.o ABSOLUTE
    ..\\Drivers\\FM33LC0xx_FL_Driver\\Src\\fm33lc0xx_fl_comp.c 0x00000000   Number         0  fm33lc0xx_fl_comp.o ABSOLUTE
    ..\\Drivers\\FM33LC0xx_FL_Driver\\Src\\fm33lc0xx_fl_crc.c 0x00000000   Number         0  fm33lc0xx_fl_crc.o ABSOLUTE
    ..\\Drivers\\FM33LC0xx_FL_Driver\\Src\\fm33lc0xx_fl_divas.c 0x00000000   Number         0  fm33lc0xx_fl_divas.o ABSOLUTE
    ..\\Drivers\\FM33LC0xx_FL_Driver\\Src\\fm33lc0xx_fl_dma.c 0x00000000   Number         0  fm33lc0xx_fl_dma.o ABSOLUTE
    ..\\Drivers\\FM33LC0xx_FL_Driver\\Src\\fm33lc0xx_fl_flash.c 0x00000000   Number         0  fm33lc0xx_fl_flash.o ABSOLUTE
    ..\\Drivers\\FM33LC0xx_FL_Driver\\Src\\fm33lc0xx_fl_gpio.c 0x00000000   Number         0  fm33lc0xx_fl_gpio.o ABSOLUTE
    ..\\Drivers\\FM33LC0xx_FL_Driver\\Src\\fm33lc0xx_fl_gptim.c 0x00000000   Number         0  fm33lc0xx_fl_gptim.o ABSOLUTE
    ..\\Drivers\\FM33LC0xx_FL_Driver\\Src\\fm33lc0xx_fl_i2c.c 0x00000000   Number         0  fm33lc0xx_fl_i2c.o ABSOLUTE
    ..\\Drivers\\FM33LC0xx_FL_Driver\\Src\\fm33lc0xx_fl_iwdt.c 0x00000000   Number         0  fm33lc0xx_fl_iwdt.o ABSOLUTE
    ..\\Drivers\\FM33LC0xx_FL_Driver\\Src\\fm33lc0xx_fl_lptim32.c 0x00000000   Number         0  fm33lc0xx_fl_lptim32.o ABSOLUTE
    ..\\Drivers\\FM33LC0xx_FL_Driver\\Src\\fm33lc0xx_fl_lpuart.c 0x00000000   Number         0  fm33lc0xx_fl_lpuart.o ABSOLUTE
    ..\\Drivers\\FM33LC0xx_FL_Driver\\Src\\fm33lc0xx_fl_opa.c 0x00000000   Number         0  fm33lc0xx_fl_opa.o ABSOLUTE
    ..\\Drivers\\FM33LC0xx_FL_Driver\\Src\\fm33lc0xx_fl_pmu.c 0x00000000   Number         0  fm33lc0xx_fl_pmu.o ABSOLUTE
    ..\\Drivers\\FM33LC0xx_FL_Driver\\Src\\fm33lc0xx_fl_rcc.c 0x00000000   Number         0  fm33lc0xx_fl_rcc.o ABSOLUTE
    ..\\Drivers\\FM33LC0xx_FL_Driver\\Src\\fm33lc0xx_fl_rng.c 0x00000000   Number         0  fm33lc0xx_fl_rng.o ABSOLUTE
    ..\\Drivers\\FM33LC0xx_FL_Driver\\Src\\fm33lc0xx_fl_rtc.c 0x00000000   Number         0  fm33lc0xx_fl_rtc.o ABSOLUTE
    ..\\Drivers\\FM33LC0xx_FL_Driver\\Src\\fm33lc0xx_fl_spi.c 0x00000000   Number         0  fm33lc0xx_fl_spi.o ABSOLUTE
    ..\\Drivers\\FM33LC0xx_FL_Driver\\Src\\fm33lc0xx_fl_svd.c 0x00000000   Number         0  fm33lc0xx_fl_svd.o ABSOLUTE
    ..\\Drivers\\FM33LC0xx_FL_Driver\\Src\\fm33lc0xx_fl_u7816.c 0x00000000   Number         0  fm33lc0xx_fl_u7816.o ABSOLUTE
    ..\\Drivers\\FM33LC0xx_FL_Driver\\Src\\fm33lc0xx_fl_uart.c 0x00000000   Number         0  fm33lc0xx_fl_uart.o ABSOLUTE
    ..\\Drivers\\FM33LC0xx_FL_Driver\\Src\\fm33lc0xx_fl_wwdt.c 0x00000000   Number         0  fm33lc0xx_fl_wwdt.o ABSOLUTE
    ..\\FreeRTOS\\portable\\RVDS\\ARM_CM0\\port.c 0x00000000   Number         0  port.o ABSOLUTE
    ..\\MF-config\\Src\\mf_config.c          0x00000000   Number         0  mf_config.o ABSOLUTE
    ..\\Src\\adc.c                           0x00000000   Number         0  adc.o ABSOLUTE
    ..\\Src\\bstim32_timing.c                0x00000000   Number         0  bstim32_timing.o ABSOLUTE
    ..\\Src\\gpio.c                          0x00000000   Number         0  gpio.o ABSOLUTE
    ..\\Src\\lptim32_timing.c                0x00000000   Number         0  lptim32_timing.o ABSOLUTE
    ..\\Src\\main.c                          0x00000000   Number         0  main.o ABSOLUTE
    ..\\Src\\pll.c                           0x00000000   Number         0  pll.o ABSOLUTE
    ..\\Src\\taskadc.c                       0x00000000   Number         0  taskadc.o ABSOLUTE
    ..\\Src\\taskuart.c                      0x00000000   Number         0  taskuart.o ABSOLUTE
    ..\\Src\\uart.c                          0x00000000   Number         0  uart.o ABSOLUTE
    ..\\Src\\user_init.c                     0x00000000   Number         0  user_init.o ABSOLUTE
    dc.s                                     0x00000000   Number         0  dc.o ABSOLUTE
    !!!main                                  0x000000c0   Section        8  __main.o(!!!main)
    !!!scatter                               0x000000c8   Section       60  __scatter.o(!!!scatter)
    !!handler_copy                           0x00000104   Section       26  __scatter_copy.o(!!handler_copy)
    !!handler_zi                             0x00000120   Section       28  __scatter_zi.o(!!handler_zi)
    .ARM.Collect$$_printf_percent$$00000000  0x0000013c   Section        2  _printf_percent.o(.ARM.Collect$$_printf_percent$$00000000)
    .ARM.Collect$$_printf_percent$$0000000A  0x0000013e   Section       10  _printf_u.o(.ARM.Collect$$_printf_percent$$0000000A)
    .ARM.Collect$$_printf_percent$$0000000C  0x00000148   Section       10  _printf_x.o(.ARM.Collect$$_printf_percent$$0000000C)
    .ARM.Collect$$_printf_percent$$00000017  0x00000152   Section        4  _printf_percent_end.o(.ARM.Collect$$_printf_percent$$00000017)
    .ARM.Collect$$libinit$$00000000          0x00000156   Section        2  libinit.o(.ARM.Collect$$libinit$$00000000)
    .ARM.Collect$$libinit$$00000002          0x00000158   Section        0  libinit2.o(.ARM.Collect$$libinit$$00000002)
    .ARM.Collect$$libinit$$00000004          0x00000158   Section        0  libinit2.o(.ARM.Collect$$libinit$$00000004)
    .ARM.Collect$$libinit$$0000000A          0x00000158   Section        0  libinit2.o(.ARM.Collect$$libinit$$0000000A)
    .ARM.Collect$$libinit$$0000000C          0x00000158   Section        0  libinit2.o(.ARM.Collect$$libinit$$0000000C)
    .ARM.Collect$$libinit$$0000000E          0x00000158   Section        0  libinit2.o(.ARM.Collect$$libinit$$0000000E)
    .ARM.Collect$$libinit$$00000011          0x00000158   Section        0  libinit2.o(.ARM.Collect$$libinit$$00000011)
    .ARM.Collect$$libinit$$00000013          0x00000158   Section        0  libinit2.o(.ARM.Collect$$libinit$$00000013)
    .ARM.Collect$$libinit$$00000015          0x00000158   Section        0  libinit2.o(.ARM.Collect$$libinit$$00000015)
    .ARM.Collect$$libinit$$00000017          0x00000158   Section        0  libinit2.o(.ARM.Collect$$libinit$$00000017)
    .ARM.Collect$$libinit$$00000019          0x00000158   Section        0  libinit2.o(.ARM.Collect$$libinit$$00000019)
    .ARM.Collect$$libinit$$0000001B          0x00000158   Section        0  libinit2.o(.ARM.Collect$$libinit$$0000001B)
    .ARM.Collect$$libinit$$0000001D          0x00000158   Section        0  libinit2.o(.ARM.Collect$$libinit$$0000001D)
    .ARM.Collect$$libinit$$0000001F          0x00000158   Section        0  libinit2.o(.ARM.Collect$$libinit$$0000001F)
    .ARM.Collect$$libinit$$00000021          0x00000158   Section        0  libinit2.o(.ARM.Collect$$libinit$$00000021)
    .ARM.Collect$$libinit$$00000023          0x00000158   Section        0  libinit2.o(.ARM.Collect$$libinit$$00000023)
    .ARM.Collect$$libinit$$00000025          0x00000158   Section        0  libinit2.o(.ARM.Collect$$libinit$$00000025)
    .ARM.Collect$$libinit$$0000002C          0x00000158   Section        0  libinit2.o(.ARM.Collect$$libinit$$0000002C)
    .ARM.Collect$$libinit$$0000002E          0x00000158   Section        0  libinit2.o(.ARM.Collect$$libinit$$0000002E)
    .ARM.Collect$$libinit$$00000030          0x00000158   Section        0  libinit2.o(.ARM.Collect$$libinit$$00000030)
    .ARM.Collect$$libinit$$00000032          0x00000158   Section        0  libinit2.o(.ARM.Collect$$libinit$$00000032)
    .ARM.Collect$$libinit$$00000033          0x00000158   Section        2  libinit2.o(.ARM.Collect$$libinit$$00000033)
    .ARM.Collect$$libshutdown$$00000000      0x0000015a   Section        2  libshutdown.o(.ARM.Collect$$libshutdown$$00000000)
    .ARM.Collect$$libshutdown$$00000003      0x0000015c   Section        0  libshutdown2.o(.ARM.Collect$$libshutdown$$00000003)
    .ARM.Collect$$libshutdown$$00000006      0x0000015c   Section        0  libshutdown2.o(.ARM.Collect$$libshutdown$$00000006)
    .ARM.Collect$$libshutdown$$00000009      0x0000015c   Section        0  libshutdown2.o(.ARM.Collect$$libshutdown$$00000009)
    .ARM.Collect$$libshutdown$$0000000B      0x0000015c   Section        0  libshutdown2.o(.ARM.Collect$$libshutdown$$0000000B)
    .ARM.Collect$$libshutdown$$0000000E      0x0000015c   Section        0  libshutdown2.o(.ARM.Collect$$libshutdown$$0000000E)
    .ARM.Collect$$libshutdown$$0000000F      0x0000015c   Section        2  libshutdown2.o(.ARM.Collect$$libshutdown$$0000000F)
    .ARM.Collect$$rtentry$$00000000          0x0000015e   Section        0  __rtentry.o(.ARM.Collect$$rtentry$$00000000)
    .ARM.Collect$$rtentry$$00000002          0x0000015e   Section        0  __rtentry2.o(.ARM.Collect$$rtentry$$00000002)
    .ARM.Collect$$rtentry$$00000004          0x0000015e   Section        6  __rtentry4.o(.ARM.Collect$$rtentry$$00000004)
    .ARM.Collect$$rtentry$$00000009          0x00000164   Section        0  __rtentry2.o(.ARM.Collect$$rtentry$$00000009)
    .ARM.Collect$$rtentry$$0000000A          0x00000164   Section        4  __rtentry2.o(.ARM.Collect$$rtentry$$0000000A)
    .ARM.Collect$$rtentry$$0000000C          0x00000168   Section        0  __rtentry2.o(.ARM.Collect$$rtentry$$0000000C)
    .ARM.Collect$$rtentry$$0000000D          0x00000168   Section        8  __rtentry2.o(.ARM.Collect$$rtentry$$0000000D)
    .ARM.Collect$$rtexit$$00000000           0x00000170   Section        2  rtexit.o(.ARM.Collect$$rtexit$$00000000)
    .ARM.Collect$$rtexit$$00000002           0x00000172   Section        0  rtexit2.o(.ARM.Collect$$rtexit$$00000002)
    .ARM.Collect$$rtexit$$00000003           0x00000172   Section        4  rtexit2.o(.ARM.Collect$$rtexit$$00000003)
    .ARM.Collect$$rtexit$$00000004           0x00000176   Section        6  rtexit2.o(.ARM.Collect$$rtexit$$00000004)
    .emb_text                                0x0000017c   Section      120  port.o(.emb_text)
    .text                                    0x000001f4   Section       56  startup_fm33lc0xx.o(.text)
    .text                                    0x0000022c   Section        2  use_no_semi_2.o(.text)
    .text                                    0x00000230   Section        0  noretval__2printf.o(.text)
    .text                                    0x0000024c   Section        0  __printf.o(.text)
    .text                                    0x000002b8   Section        0  _printf_dec.o(.text)
    .text                                    0x00000324   Section        0  _printf_hex_int.o(.text)
    .text                                    0x0000037c   Section        0  aeabi_memset.o(.text)
    .text                                    0x0000038e   Section        0  rt_memclr.o(.text)
    .text                                    0x000003ce   Section      346  aeabi_sdiv.o(.text)
    .text                                    0x00000528   Section        0  heapauxi.o(.text)
    .text                                    0x0000052e   Section        2  use_no_semi.o(.text)
    .text                                    0x00000530   Section        0  _printf_intcommon.o(.text)
    .text                                    0x000005e0   Section        0  _printf_char_common.o(.text)
    _printf_input_char                       0x000005e1   Thumb Code    10  _printf_char_common.o(.text)
    .text                                    0x00000610   Section        0  _printf_char_file.o(.text)
    .text                                    0x00000638   Section        0  rtudiv10.o(.text)
    .text                                    0x00000660   Section        0  ferror.o(.text)
    .text                                    0x00000668   Section       62  sys_stackheap_outer.o(.text)
    .text                                    0x000006a6   Section        0  exit.o(.text)
    .text                                    0x000006b4   Section        8  libspace.o(.text)
    i.ADC_IRQHandler                         0x000006bc   Section        0  adc.o(i.ADC_IRQHandler)
    i.BSTIM_IRQHandler                       0x000006f4   Section        0  bstim32_timing.o(i.BSTIM_IRQHandler)
    i.DMA_IRQCallBack                        0x0000072c   Section        0  taskuart.o(i.DMA_IRQCallBack)
    i.DMA_IRQHandler                         0x00000744   Section        0  uart.o(i.DMA_IRQHandler)
    i.DebugUartInit                          0x0000077c   Section        0  user_init.o(i.DebugUartInit)
    i.DelayInit                              0x000007e0   Section        0  pll.o(i.DelayInit)
    i.DelayMs                                0x00000814   Section        0  pll.o(i.DelayMs)
    i.DelayUs                                0x0000082c   Section        0  pll.o(i.DelayUs)
    i.FL_ADC_ClearFlag_EndOfConversion       0x00000864   Section        0  adc.o(i.FL_ADC_ClearFlag_EndOfConversion)
    FL_ADC_ClearFlag_EndOfConversion         0x00000865   Thumb Code     6  adc.o(i.FL_ADC_ClearFlag_EndOfConversion)
    i.FL_ADC_CommonInit                      0x0000086c   Section        0  fm33lc0xx_fl_adc.o(i.FL_ADC_CommonInit)
    i.FL_ADC_Init                            0x000008c8   Section        0  fm33lc0xx_fl_adc.o(i.FL_ADC_Init)
    i.FL_ADC_IsActiveFlag_EndOfConversion    0x00000a6c   Section        0  adc.o(i.FL_ADC_IsActiveFlag_EndOfConversion)
    FL_ADC_IsActiveFlag_EndOfConversion      0x00000a6d   Thumb Code    16  adc.o(i.FL_ADC_IsActiveFlag_EndOfConversion)
    i.FL_BSTIM32_Init                        0x00000a7c   Section        0  fm33lc0xx_fl_bstim32.o(i.FL_BSTIM32_Init)
    i.FL_DMA_ClearFlag_TransferComplete      0x00000b04   Section        0  uart.o(i.FL_DMA_ClearFlag_TransferComplete)
    FL_DMA_ClearFlag_TransferComplete        0x00000b05   Thumb Code    10  uart.o(i.FL_DMA_ClearFlag_TransferComplete)
    i.FL_DMA_Init                            0x00000b10   Section        0  fm33lc0xx_fl_dma.o(i.FL_DMA_Init)
    i.FL_DMA_StartTransmission               0x00000c84   Section        0  fm33lc0xx_fl_dma.o(i.FL_DMA_StartTransmission)
    i.FL_FLASH_SetReadWait                   0x00000d0e   Section        0  pll.o(i.FL_FLASH_SetReadWait)
    FL_FLASH_SetReadWait                     0x00000d0f   Thumb Code    12  pll.o(i.FL_FLASH_SetReadWait)
    i.FL_GPIO_DisablePinAnalogSwitch         0x00000d1a   Section        0  fm33lc0xx_fl_gpio.o(i.FL_GPIO_DisablePinAnalogSwitch)
    FL_GPIO_DisablePinAnalogSwitch           0x00000d1b   Thumb Code    10  fm33lc0xx_fl_gpio.o(i.FL_GPIO_DisablePinAnalogSwitch)
    i.FL_GPIO_DisablePinInput                0x00000d24   Section        0  fm33lc0xx_fl_gpio.o(i.FL_GPIO_DisablePinInput)
    FL_GPIO_DisablePinInput                  0x00000d25   Thumb Code    10  fm33lc0xx_fl_gpio.o(i.FL_GPIO_DisablePinInput)
    i.FL_GPIO_DisablePinOpenDrain            0x00000d2e   Section        0  fm33lc0xx_fl_gpio.o(i.FL_GPIO_DisablePinOpenDrain)
    FL_GPIO_DisablePinOpenDrain              0x00000d2f   Thumb Code    10  fm33lc0xx_fl_gpio.o(i.FL_GPIO_DisablePinOpenDrain)
    i.FL_GPIO_DisablePinPullup               0x00000d38   Section        0  fm33lc0xx_fl_gpio.o(i.FL_GPIO_DisablePinPullup)
    FL_GPIO_DisablePinPullup                 0x00000d39   Thumb Code    10  fm33lc0xx_fl_gpio.o(i.FL_GPIO_DisablePinPullup)
    i.FL_GPIO_DisablePinRemap                0x00000d42   Section        0  fm33lc0xx_fl_gpio.o(i.FL_GPIO_DisablePinRemap)
    FL_GPIO_DisablePinRemap                  0x00000d43   Thumb Code    10  fm33lc0xx_fl_gpio.o(i.FL_GPIO_DisablePinRemap)
    i.FL_GPIO_Init                           0x00000d4c   Section        0  fm33lc0xx_fl_gpio.o(i.FL_GPIO_Init)
    i.FL_GPIO_ResetOutputPin                 0x00000e3c   Section        0  user_init.o(i.FL_GPIO_ResetOutputPin)
    FL_GPIO_ResetOutputPin                   0x00000e3d   Thumb Code    10  user_init.o(i.FL_GPIO_ResetOutputPin)
    i.FL_GPIO_SetPinMode                     0x00000e46   Section        0  fm33lc0xx_fl_gpio.o(i.FL_GPIO_SetPinMode)
    FL_GPIO_SetPinMode                       0x00000e47   Thumb Code    26  fm33lc0xx_fl_gpio.o(i.FL_GPIO_SetPinMode)
    i.FL_LPTIM32_Init                        0x00000e60   Section        0  fm33lc0xx_fl_lptim32.o(i.FL_LPTIM32_Init)
    i.FL_LPTIM32_SetETRTriggerEdge           0x00000f44   Section        0  fm33lc0xx_fl_lptim32.o(i.FL_LPTIM32_SetETRTriggerEdge)
    FL_LPTIM32_SetETRTriggerEdge             0x00000f45   Thumb Code    12  fm33lc0xx_fl_lptim32.o(i.FL_LPTIM32_SetETRTriggerEdge)
    i.FL_RCC_DisableGroup1OperationClock     0x00000f50   Section        0  fm33lc0xx_fl_uart.o(i.FL_RCC_DisableGroup1OperationClock)
    FL_RCC_DisableGroup1OperationClock       0x00000f51   Thumb Code    12  fm33lc0xx_fl_uart.o(i.FL_RCC_DisableGroup1OperationClock)
    i.FL_RCC_DisableGroup3BusClock           0x00000f60   Section        0  fm33lc0xx_fl_uart.o(i.FL_RCC_DisableGroup3BusClock)
    FL_RCC_DisableGroup3BusClock             0x00000f61   Thumb Code    12  fm33lc0xx_fl_uart.o(i.FL_RCC_DisableGroup3BusClock)
    i.FL_RCC_DisableResetAPB2Peripheral      0x00000f70   Section        0  fm33lc0xx_fl_uart.o(i.FL_RCC_DisableResetAPB2Peripheral)
    FL_RCC_DisableResetAPB2Peripheral        0x00000f71   Thumb Code    12  fm33lc0xx_fl_uart.o(i.FL_RCC_DisableResetAPB2Peripheral)
    i.FL_RCC_EnableGroup1OperationClock      0x00000f80   Section        0  fm33lc0xx_fl_uart.o(i.FL_RCC_EnableGroup1OperationClock)
    FL_RCC_EnableGroup1OperationClock        0x00000f81   Thumb Code    12  fm33lc0xx_fl_uart.o(i.FL_RCC_EnableGroup1OperationClock)
    i.FL_RCC_EnableGroup3BusClock            0x00000f90   Section        0  fm33lc0xx_fl_uart.o(i.FL_RCC_EnableGroup3BusClock)
    FL_RCC_EnableGroup3BusClock              0x00000f91   Thumb Code    12  fm33lc0xx_fl_uart.o(i.FL_RCC_EnableGroup3BusClock)
    i.FL_RCC_EnableResetAPB1Peripheral       0x00000fa0   Section        0  fm33lc0xx_fl_uart.o(i.FL_RCC_EnableResetAPB1Peripheral)
    FL_RCC_EnableResetAPB1Peripheral         0x00000fa1   Thumb Code    12  fm33lc0xx_fl_uart.o(i.FL_RCC_EnableResetAPB1Peripheral)
    i.FL_RCC_EnableResetAPB2Peripheral       0x00000fb0   Section        0  fm33lc0xx_fl_uart.o(i.FL_RCC_EnableResetAPB2Peripheral)
    FL_RCC_EnableResetAPB2Peripheral         0x00000fb1   Thumb Code    12  fm33lc0xx_fl_uart.o(i.FL_RCC_EnableResetAPB2Peripheral)
    i.FL_RCC_GetAHBClockFreq                 0x00000fc0   Section        0  fm33lc0xx_fl_rcc.o(i.FL_RCC_GetAHBClockFreq)
    i.FL_RCC_GetAPB1ClockFreq                0x0000102c   Section        0  fm33lc0xx_fl_rcc.o(i.FL_RCC_GetAPB1ClockFreq)
    i.FL_RCC_GetAPB2ClockFreq                0x00001098   Section        0  fm33lc0xx_fl_rcc.o(i.FL_RCC_GetAPB2ClockFreq)
    i.FL_RCC_GetPLLClockFreq                 0x00001104   Section        0  fm33lc0xx_fl_rcc.o(i.FL_RCC_GetPLLClockFreq)
    i.FL_RCC_GetRC4MClockFreq                0x000011a0   Section        0  fm33lc0xx_fl_rcc.o(i.FL_RCC_GetRC4MClockFreq)
    i.FL_RCC_GetRCHFClockFreq                0x000011f0   Section        0  fm33lc0xx_fl_rcc.o(i.FL_RCC_GetRCHFClockFreq)
    i.FL_RCC_GetSystemClockFreq              0x00001234   Section        0  fm33lc0xx_fl_rcc.o(i.FL_RCC_GetSystemClockFreq)
    i.FL_RCC_GetUSBClockFreqToSysclk         0x00001284   Section        0  fm33lc0xx_fl_rcc.o(i.FL_RCC_GetUSBClockFreqToSysclk)
    i.FL_UART_DeInit                         0x000012a8   Section        0  fm33lc0xx_fl_uart.o(i.FL_UART_DeInit)
    i.FL_UART_Init                           0x00001360   Section        0  fm33lc0xx_fl_uart.o(i.FL_UART_Init)
    i.GPIO_Init                              0x00001500   Section        0  gpio.o(i.GPIO_Init)
    i.GPIO_ToggleBits                        0x00001574   Section        0  gpio.o(i.GPIO_ToggleBits)
    i.HardFault_Handler                      0x0000159c   Section        0  main.o(i.HardFault_Handler)
    i.LPTIM_IRQHandler                       0x000015b4   Section        0  lptim32_timing.o(i.LPTIM_IRQHandler)
    i.Led0Task                               0x000015e4   Section        0  main.o(i.Led0Task)
    i.Led1Task                               0x00001604   Section        0  main.o(i.Led1Task)
    i.Led2Task                               0x0000161c   Section        0  main.o(i.Led2Task)
    i.LedInit                                0x00001668   Section        0  user_init.o(i.LedInit)
    i.MF_ADC_Common_Init                     0x000016dc   Section        0  mf_config.o(i.MF_ADC_Common_Init)
    i.MF_ADC_Init                            0x000016f4   Section        0  mf_config.o(i.MF_ADC_Init)
    i.MF_BSTIM32_Init                        0x00001754   Section        0  mf_config.o(i.MF_BSTIM32_Init)
    i.MF_Clock_Init                          0x00001788   Section        0  mf_config.o(i.MF_Clock_Init)
    i.MF_Config_Init                         0x0000178a   Section        0  mf_config.o(i.MF_Config_Init)
    i.MF_LPTIM32_Init                        0x000017a4   Section        0  mf_config.o(i.MF_LPTIM32_Init)
    i.MF_NVIC_Init                           0x000017e4   Section        0  mf_config.o(i.MF_NVIC_Init)
    i.MF_SystemClock_Config                  0x000017f4   Section        0  mf_config.o(i.MF_SystemClock_Config)
    i.NVIC_DisableIRQ                        0x000017f8   Section        0  uart.o(i.NVIC_DisableIRQ)
    NVIC_DisableIRQ                          0x000017f9   Thumb Code    18  uart.o(i.NVIC_DisableIRQ)
    i.NVIC_EnableIRQ                         0x00001810   Section        0  uart.o(i.NVIC_EnableIRQ)
    NVIC_EnableIRQ                           0x00001811   Thumb Code    18  uart.o(i.NVIC_EnableIRQ)
    i.NVIC_Init                              0x00001828   Section        0  system_fm33lc0xx.o(i.NVIC_Init)
    i.NVIC_SetPriority                       0x00001870   Section        0  uart.o(i.NVIC_SetPriority)
    NVIC_SetPriority                         0x00001871   Thumb Code   110  uart.o(i.NVIC_SetPriority)
    i.NVIC_SetPriority                       0x000018e8   Section        0  user_init.o(i.NVIC_SetPriority)
    NVIC_SetPriority                         0x000018e9   Thumb Code   110  user_init.o(i.NVIC_SetPriority)
    i.NVIC_SetPriority                       0x00001960   Section        0  system_fm33lc0xx.o(i.NVIC_SetPriority)
    NVIC_SetPriority                         0x00001961   Thumb Code   110  system_fm33lc0xx.o(i.NVIC_SetPriority)
    i.SelXTHFToPLL                           0x000019d8   Section        0  pll.o(i.SelXTHFToPLL)
    i.SystemInit                             0x00001af8   Section        0  system_fm33lc0xx.o(i.SystemInit)
    i.SystickInit                            0x00001bd8   Section        0  user_init.o(i.SystickInit)
    i.TimeStart                              0x00001bf8   Section        0  bstim32_timing.o(i.TimeStart)
    i.TimeStop                               0x00001c04   Section        0  bstim32_timing.o(i.TimeStop)
    i.UARTx_DMA                              0x00001c10   Section        0  uart.o(i.UARTx_DMA)
    i.UARTx_DMA_Rx                           0x00001cc0   Section        0  uart.o(i.UARTx_DMA_Rx)
    i.UartTask                               0x00001d44   Section        0  taskuart.o(i.UartTask)
    i.Uartx_Init                             0x00001d98   Section        0  uart.o(i.Uartx_Init)
    i.UserInit                               0x00001ec4   Section        0  user_init.o(i.UserInit)
    i.XTHFInit                               0x00001ed4   Section        0  pll.o(i.XTHFInit)
    i.__ARM_common_switch8                   0x00001f28   Section        0  fm33lc0xx_fl_lpuart.o(i.__ARM_common_switch8)
    i._sys_exit                              0x00001f44   Section        0  user_init.o(i._sys_exit)
    i.delay_init                             0x00001f48   Section        0  user_init.o(i.delay_init)
    i.delay_ms                               0x00001fa0   Section        0  user_init.o(i.delay_ms)
    i.delay_us                               0x00001fe4   Section        0  user_init.o(i.delay_us)
    i.delay_xms                              0x0000202c   Section        0  user_init.o(i.delay_xms)
    i.fputc                                  0x00002044   Section        0  user_init.o(i.fputc)
    i.main                                   0x00002074   Section        0  main.o(i.main)
    i.prvAddCurrentTaskToDelayedList         0x000021c8   Section        0  tasks.o(i.prvAddCurrentTaskToDelayedList)
    prvAddCurrentTaskToDelayedList           0x000021c9   Thumb Code   100  tasks.o(i.prvAddCurrentTaskToDelayedList)
    i.prvAddNewTaskToReadyList               0x00002244   Section        0  tasks.o(i.prvAddNewTaskToReadyList)
    prvAddNewTaskToReadyList                 0x00002245   Thumb Code   146  tasks.o(i.prvAddNewTaskToReadyList)
    i.prvCheckTasksWaitingTermination        0x000022f0   Section        0  tasks.o(i.prvCheckTasksWaitingTermination)
    prvCheckTasksWaitingTermination          0x000022f1   Thumb Code    60  tasks.o(i.prvCheckTasksWaitingTermination)
    i.prvDeleteTCB                           0x00002338   Section        0  tasks.o(i.prvDeleteTCB)
    prvDeleteTCB                             0x00002339   Thumb Code    18  tasks.o(i.prvDeleteTCB)
    i.prvGetDisinheritPriorityAfterTimeout   0x0000234a   Section        0  queue.o(i.prvGetDisinheritPriorityAfterTimeout)
    prvGetDisinheritPriorityAfterTimeout     0x0000234b   Thumb Code    22  queue.o(i.prvGetDisinheritPriorityAfterTimeout)
    i.prvHeapInit                            0x00002360   Section        0  heap_4.o(i.prvHeapInit)
    prvHeapInit                              0x00002361   Thumb Code   100  heap_4.o(i.prvHeapInit)
    i.prvIdleTask                            0x000023dc   Section        0  tasks.o(i.prvIdleTask)
    prvIdleTask                              0x000023dd   Thumb Code    24  tasks.o(i.prvIdleTask)
    i.prvInitialiseNewQueue                  0x000023f8   Section        0  queue.o(i.prvInitialiseNewQueue)
    prvInitialiseNewQueue                    0x000023f9   Thumb Code    44  queue.o(i.prvInitialiseNewQueue)
    i.prvInitialiseNewTask                   0x00002424   Section        0  tasks.o(i.prvInitialiseNewTask)
    prvInitialiseNewTask                     0x00002425   Thumb Code   164  tasks.o(i.prvInitialiseNewTask)
    i.prvInitialiseTaskLists                 0x000024c8   Section        0  tasks.o(i.prvInitialiseTaskLists)
    prvInitialiseTaskLists                   0x000024c9   Thumb Code    68  tasks.o(i.prvInitialiseTaskLists)
    i.prvInsertBlockIntoFreeList             0x0000252c   Section        0  heap_4.o(i.prvInsertBlockIntoFreeList)
    prvInsertBlockIntoFreeList               0x0000252d   Thumb Code    96  heap_4.o(i.prvInsertBlockIntoFreeList)
    i.prvIsQueueEmpty                        0x00002594   Section        0  queue.o(i.prvIsQueueEmpty)
    prvIsQueueEmpty                          0x00002595   Thumb Code    28  queue.o(i.prvIsQueueEmpty)
    i.prvResetNextTaskUnblockTime            0x000025b0   Section        0  tasks.o(i.prvResetNextTaskUnblockTime)
    prvResetNextTaskUnblockTime              0x000025b1   Thumb Code    46  tasks.o(i.prvResetNextTaskUnblockTime)
    i.prvSetupTimerInterrupt                 0x000025e8   Section        0  port.o(i.prvSetupTimerInterrupt)
    prvSetupTimerInterrupt                   0x000025e9   Thumb Code    18  port.o(i.prvSetupTimerInterrupt)
    i.prvTaskExitError                       0x00002604   Section        0  port.o(i.prvTaskExitError)
    prvTaskExitError                         0x00002605   Thumb Code     6  port.o(i.prvTaskExitError)
    i.prvUnlockQueue                         0x0000260a   Section        0  queue.o(i.prvUnlockQueue)
    prvUnlockQueue                           0x0000260b   Thumb Code   142  queue.o(i.prvUnlockQueue)
    i.pvPortMalloc                           0x00002698   Section        0  heap_4.o(i.pvPortMalloc)
    i.pvTaskIncrementMutexHeldCount          0x0000276c   Section        0  tasks.o(i.pvTaskIncrementMutexHeldCount)
    i.pxPortInitialiseStack                  0x0000278c   Section        0  port.o(i.pxPortInitialiseStack)
    i.uxListRemove                           0x000027ac   Section        0  list.o(i.uxListRemove)
    i.vApplicationIdleHook                   0x000027d4   Section        0  main.o(i.vApplicationIdleHook)
    i.vListInitialise                        0x000027d6   Section        0  list.o(i.vListInitialise)
    i.vListInitialiseItem                    0x000027f0   Section        0  list.o(i.vListInitialiseItem)
    i.vListInsert                            0x000027f6   Section        0  list.o(i.vListInsert)
    i.vListInsertEnd                         0x0000282c   Section        0  list.o(i.vListInsertEnd)
    i.vPortEnterCritical                     0x00002844   Section        0  port.o(i.vPortEnterCritical)
    i.vPortExitCritical                      0x00002860   Section        0  port.o(i.vPortExitCritical)
    i.vPortFree                              0x0000287c   Section        0  heap_4.o(i.vPortFree)
    i.vPortSVCHandler                        0x000028cc   Section        0  port.o(i.vPortSVCHandler)
    i.vPortYield                             0x000028d0   Section        0  port.o(i.vPortYield)
    i.vTaskDelay                             0x000028e8   Section        0  tasks.o(i.vTaskDelay)
    i.vTaskInternalSetTimeOutState           0x00002910   Section        0  tasks.o(i.vTaskInternalSetTimeOutState)
    i.vTaskMissedYield                       0x00002928   Section        0  tasks.o(i.vTaskMissedYield)
    i.vTaskPlaceOnEventList                  0x00002934   Section        0  tasks.o(i.vTaskPlaceOnEventList)
    i.vTaskPriorityDisinheritAfterTimeout    0x00002954   Section        0  tasks.o(i.vTaskPriorityDisinheritAfterTimeout)
    i.vTaskStartScheduler                    0x000029dc   Section        0  tasks.o(i.vTaskStartScheduler)
    i.vTaskSuspendAll                        0x00002a38   Section        0  tasks.o(i.vTaskSuspendAll)
    i.vTaskSwitchContext                     0x00002a48   Section        0  tasks.o(i.vTaskSwitchContext)
    i.xPortStartScheduler                    0x00002afc   Section        0  port.o(i.xPortStartScheduler)
    i.xPortSysTickHandler                    0x00002b34   Section        0  port.o(i.xPortSysTickHandler)
    i.xQueueCreateCountingSemaphore          0x00002b58   Section        0  queue.o(i.xQueueCreateCountingSemaphore)
    i.xQueueGenericCreate                    0x00002b74   Section        0  queue.o(i.xQueueGenericCreate)
    i.xQueueGenericReset                     0x00002bb4   Section        0  queue.o(i.xQueueGenericReset)
    i.xQueueGiveFromISR                      0x00002c2c   Section        0  queue.o(i.xQueueGiveFromISR)
    i.xQueueSemaphoreTake                    0x00002c9a   Section        0  queue.o(i.xQueueSemaphoreTake)
    i.xTaskCheckForTimeOut                   0x00002dc4   Section        0  tasks.o(i.xTaskCheckForTimeOut)
    i.xTaskCreate                            0x00002e24   Section        0  tasks.o(i.xTaskCreate)
    i.xTaskGetSchedulerState                 0x00002e80   Section        0  tasks.o(i.xTaskGetSchedulerState)
    i.xTaskIncrementTick                     0x00002ea4   Section        0  tasks.o(i.xTaskIncrementTick)
    i.xTaskPriorityInherit                   0x00002fc4   Section        0  tasks.o(i.xTaskPriorityInherit)
    i.xTaskRemoveFromEventList               0x00003068   Section        0  tasks.o(i.xTaskRemoveFromEventList)
    i.xTaskResumeAll                         0x000030e8   Section        0  tasks.o(i.xTaskResumeAll)
    .constdata                               0x000031c8   Section       40  _printf_hex_int.o(.constdata)
    uc_hextab                                0x000031c8   Data          20  _printf_hex_int.o(.constdata)
    lc_hextab                                0x000031dc   Data          20  _printf_hex_int.o(.constdata)
    .data                                    0x20000000   Section        8  adc.o(.data)
    .data                                    0x20000008   Section        4  taskuart.o(.data)
    xHigherPriorityTaskWoken                 0x20000008   Data           4  taskuart.o(.data)
    .data                                    0x2000000c   Section        1  pll.o(.data)
    fac_us                                   0x2000000c   Data           1  pll.o(.data)
    .data                                    0x20000010   Section        8  main.o(.data)
    .data                                    0x20000018   Section       10  user_init.o(.data)
    fac_us                                   0x2000001c   Data           4  user_init.o(.data)
    fac_ms                                   0x20000020   Data           2  user_init.o(.data)
    .data                                    0x20000024   Section       68  tasks.o(.data)
    pxDelayedTaskList                        0x20000028   Data           4  tasks.o(.data)
    pxOverflowDelayedTaskList                0x2000002c   Data           4  tasks.o(.data)
    uxDeletedTasksWaitingCleanUp             0x20000030   Data           4  tasks.o(.data)
    uxCurrentNumberOfTasks                   0x20000034   Data           4  tasks.o(.data)
    xTickCount                               0x20000038   Data           4  tasks.o(.data)
    uxTopReadyPriority                       0x2000003c   Data           4  tasks.o(.data)
    xSchedulerRunning                        0x20000040   Data           4  tasks.o(.data)
    uxPendedTicks                            0x20000044   Data           4  tasks.o(.data)
    xYieldPending                            0x20000048   Data           4  tasks.o(.data)
    xNumOfOverflows                          0x2000004c   Data           4  tasks.o(.data)
    uxTaskNumber                             0x20000050   Data           4  tasks.o(.data)
    xNextTaskUnblockTime                     0x20000054   Data           4  tasks.o(.data)
    xIdleTaskHandle                          0x20000058   Data           4  tasks.o(.data)
    uxSchedulerSuspended                     0x2000005c   Data           4  tasks.o(.data)
    ulTaskSwitchedInTime                     0x20000060   Data           4  tasks.o(.data)
    ulTotalRunTime                           0x20000064   Data           4  tasks.o(.data)
    .data                                    0x20000068   Section       24  heap_4.o(.data)
    xStart                                   0x20000068   Data           8  heap_4.o(.data)
    pxEnd                                    0x20000070   Data           4  heap_4.o(.data)
    xFreeBytesRemaining                      0x20000074   Data           4  heap_4.o(.data)
    xMinimumEverFreeBytesRemaining           0x20000078   Data           4  heap_4.o(.data)
    xBlockAllocatedBit                       0x2000007c   Data           4  heap_4.o(.data)
    .data                                    0x20000080   Section        4  port.o(.data)
    uxCriticalNesting                        0x20000080   Data           4  port.o(.data)
    .bss                                     0x20000084   Section      100  main.o(.bss)
    .bss                                     0x200000e8   Section      300  tasks.o(.bss)
    pxReadyTasksLists                        0x200000e8   Data         200  tasks.o(.bss)
    xDelayedTaskList1                        0x200001b0   Data          20  tasks.o(.bss)
    xDelayedTaskList2                        0x200001c4   Data          20  tasks.o(.bss)
    xPendingReadyList                        0x200001d8   Data          20  tasks.o(.bss)
    xTasksWaitingTermination                 0x200001ec   Data          20  tasks.o(.bss)
    xSuspendedTaskList                       0x20000200   Data          20  tasks.o(.bss)
    .bss                                     0x20000214   Section    10240  heap_4.o(.bss)
    ucHeap                                   0x20000214   Data       10240  heap_4.o(.bss)
    .bss                                     0x20002a14   Section       96  libspace.o(.bss)
    HEAP                                     0x20002a78   Section     2048  startup_fm33lc0xx.o(HEAP)
    Heap_Mem                                 0x20002a78   Data        2048  startup_fm33lc0xx.o(HEAP)
    STACK                                    0x20003278   Section     2048  startup_fm33lc0xx.o(STACK)
    Stack_Mem                                0x20003278   Data        2048  startup_fm33lc0xx.o(STACK)
    __initial_sp                             0x20003a78   Data           0  startup_fm33lc0xx.o(STACK)

    Global Symbols

    Symbol Name                              Value     Ov Type        Size  Object(Section)

    BuildAttributes$$THM_ISAv3M$S$PE$A:L22$X:L11$S22$IEEE1$IW$USESV6$~STKCKD$USESV7$~SHL$OSPACE$ROPI$EBA8$UX$STANDARDLIB$REQ8$PRES8$EABIv2 0x00000000   Number         0  anon$$obj.o ABSOLUTE
    __ARM_use_no_argv                        0x00000000   Number         0  main.o ABSOLUTE
    __Vectors                                0x00000000   Data           4  startup_fm33lc0xx.o(RESET)
    __ARM_exceptions_init                     - Undefined Weak Reference
    __alloca_initialize                       - Undefined Weak Reference
    __arm_preinit_                            - Undefined Weak Reference
    __cpp_initialize__aeabi_                  - Undefined Weak Reference
    __cxa_finalize                            - Undefined Weak Reference
    __rt_locale                               - Undefined Weak Reference
    __sigvec_lookup                           - Undefined Weak Reference
    _atexit_init                              - Undefined Weak Reference
    _call_atexit_fns                          - Undefined Weak Reference
    _clock_init                               - Undefined Weak Reference
    _fp_trap_init                             - Undefined Weak Reference
    _fp_trap_shutdown                         - Undefined Weak Reference
    _get_lc_collate                           - Undefined Weak Reference
    _get_lc_ctype                             - Undefined Weak Reference
    _get_lc_monetary                          - Undefined Weak Reference
    _get_lc_numeric                           - Undefined Weak Reference
    _get_lc_time                              - Undefined Weak Reference
    _getenv_init                              - Undefined Weak Reference
    _handle_redirection                       - Undefined Weak Reference
    _init_alloc                               - Undefined Weak Reference
    _init_user_alloc                          - Undefined Weak Reference
    _initio                                   - Undefined Weak Reference
    _mutex_acquire                            - Undefined Weak Reference
    _mutex_release                            - Undefined Weak Reference
    _printf_mbtowc                            - Undefined Weak Reference
    _printf_post_padding                      - Undefined Weak Reference
    _printf_pre_padding                       - Undefined Weak Reference
    _printf_truncate_signed                   - Undefined Weak Reference
    _printf_truncate_unsigned                 - Undefined Weak Reference
    _rand_init                                - Undefined Weak Reference
    _signal_finish                            - Undefined Weak Reference
    _signal_init                              - Undefined Weak Reference
    _terminate_alloc                          - Undefined Weak Reference
    _terminate_user_alloc                     - Undefined Weak Reference
    _terminateio                              - Undefined Weak Reference
    __Vectors_End                            0x000000c0   Data           0  startup_fm33lc0xx.o(RESET)
    __Vectors_Size                           0x000000c0   Number         0  startup_fm33lc0xx.o ABSOLUTE
    __main                                   0x000000c1   Thumb Code     8  __main.o(!!!main)
    __scatterload                            0x000000c9   Thumb Code     0  __scatter.o(!!!scatter)
    __scatterload_rt2                        0x000000c9   Thumb Code    52  __scatter.o(!!!scatter)
    __scatterload_rt2_thumb_only             0x000000c9   Thumb Code     0  __scatter.o(!!!scatter)
    __scatterload_null                       0x000000d9   Thumb Code     0  __scatter.o(!!!scatter)
    __scatterload_copy                       0x00000105   Thumb Code    26  __scatter_copy.o(!!handler_copy)
    __scatterload_zeroinit                   0x00000121   Thumb Code    28  __scatter_zi.o(!!handler_zi)
    _printf_percent                          0x0000013d   Thumb Code     0  _printf_percent.o(.ARM.Collect$$_printf_percent$$00000000)
    _printf_u                                0x0000013f   Thumb Code     0  _printf_u.o(.ARM.Collect$$_printf_percent$$0000000A)
    _printf_x                                0x00000149   Thumb Code     0  _printf_x.o(.ARM.Collect$$_printf_percent$$0000000C)
    _printf_percent_end                      0x00000153   Thumb Code     0  _printf_percent_end.o(.ARM.Collect$$_printf_percent$$00000017)
    __rt_lib_init                            0x00000157   Thumb Code     0  libinit.o(.ARM.Collect$$libinit$$00000000)
    __rt_lib_init_alloca_1                   0x00000159   Thumb Code     0  libinit2.o(.ARM.Collect$$libinit$$0000002E)
    __rt_lib_init_argv_1                     0x00000159   Thumb Code     0  libinit2.o(.ARM.Collect$$libinit$$0000002C)
    __rt_lib_init_atexit_1                   0x00000159   Thumb Code     0  libinit2.o(.ARM.Collect$$libinit$$0000001B)
    __rt_lib_init_clock_1                    0x00000159   Thumb Code     0  libinit2.o(.ARM.Collect$$libinit$$00000021)
    __rt_lib_init_cpp_1                      0x00000159   Thumb Code     0  libinit2.o(.ARM.Collect$$libinit$$00000032)
    __rt_lib_init_exceptions_1               0x00000159   Thumb Code     0  libinit2.o(.ARM.Collect$$libinit$$00000030)
    __rt_lib_init_fp_1                       0x00000159   Thumb Code     0  libinit2.o(.ARM.Collect$$libinit$$00000002)
    __rt_lib_init_fp_trap_1                  0x00000159   Thumb Code     0  libinit2.o(.ARM.Collect$$libinit$$0000001F)
    __rt_lib_init_getenv_1                   0x00000159   Thumb Code     0  libinit2.o(.ARM.Collect$$libinit$$00000023)
    __rt_lib_init_heap_1                     0x00000159   Thumb Code     0  libinit2.o(.ARM.Collect$$libinit$$0000000A)
    __rt_lib_init_lc_collate_1               0x00000159   Thumb Code     0  libinit2.o(.ARM.Collect$$libinit$$00000011)
    __rt_lib_init_lc_ctype_1                 0x00000159   Thumb Code     0  libinit2.o(.ARM.Collect$$libinit$$00000013)
    __rt_lib_init_lc_monetary_1              0x00000159   Thumb Code     0  libinit2.o(.ARM.Collect$$libinit$$00000015)
    __rt_lib_init_lc_numeric_1               0x00000159   Thumb Code     0  libinit2.o(.ARM.Collect$$libinit$$00000017)
    __rt_lib_init_lc_time_1                  0x00000159   Thumb Code     0  libinit2.o(.ARM.Collect$$libinit$$00000019)
    __rt_lib_init_preinit_1                  0x00000159   Thumb Code     0  libinit2.o(.ARM.Collect$$libinit$$00000004)
    __rt_lib_init_rand_1                     0x00000159   Thumb Code     0  libinit2.o(.ARM.Collect$$libinit$$0000000E)
    __rt_lib_init_return                     0x00000159   Thumb Code     0  libinit2.o(.ARM.Collect$$libinit$$00000033)
    __rt_lib_init_signal_1                   0x00000159   Thumb Code     0  libinit2.o(.ARM.Collect$$libinit$$0000001D)
    __rt_lib_init_stdio_1                    0x00000159   Thumb Code     0  libinit2.o(.ARM.Collect$$libinit$$00000025)
    __rt_lib_init_user_alloc_1               0x00000159   Thumb Code     0  libinit2.o(.ARM.Collect$$libinit$$0000000C)
    __rt_lib_shutdown                        0x0000015b   Thumb Code     0  libshutdown.o(.ARM.Collect$$libshutdown$$00000000)
    __rt_lib_shutdown_fp_trap_1              0x0000015d   Thumb Code     0  libshutdown2.o(.ARM.Collect$$libshutdown$$00000006)
    __rt_lib_shutdown_heap_1                 0x0000015d   Thumb Code     0  libshutdown2.o(.ARM.Collect$$libshutdown$$0000000E)
    __rt_lib_shutdown_return                 0x0000015d   Thumb Code     0  libshutdown2.o(.ARM.Collect$$libshutdown$$0000000F)
    __rt_lib_shutdown_signal_1               0x0000015d   Thumb Code     0  libshutdown2.o(.ARM.Collect$$libshutdown$$00000009)
    __rt_lib_shutdown_stdio_1                0x0000015d   Thumb Code     0  libshutdown2.o(.ARM.Collect$$libshutdown$$00000003)
    __rt_lib_shutdown_user_alloc_1           0x0000015d   Thumb Code     0  libshutdown2.o(.ARM.Collect$$libshutdown$$0000000B)
    __rt_entry                               0x0000015f   Thumb Code     0  __rtentry.o(.ARM.Collect$$rtentry$$00000000)
    __rt_entry_presh_1                       0x0000015f   Thumb Code     0  __rtentry2.o(.ARM.Collect$$rtentry$$00000002)
    __rt_entry_sh                            0x0000015f   Thumb Code     0  __rtentry4.o(.ARM.Collect$$rtentry$$00000004)
    __rt_entry_li                            0x00000165   Thumb Code     0  __rtentry2.o(.ARM.Collect$$rtentry$$0000000A)
    __rt_entry_postsh_1                      0x00000165   Thumb Code     0  __rtentry2.o(.ARM.Collect$$rtentry$$00000009)
    __rt_entry_main                          0x00000169   Thumb Code     0  __rtentry2.o(.ARM.Collect$$rtentry$$0000000D)
    __rt_entry_postli_1                      0x00000169   Thumb Code     0  __rtentry2.o(.ARM.Collect$$rtentry$$0000000C)
    __rt_exit                                0x00000171   Thumb Code     0  rtexit.o(.ARM.Collect$$rtexit$$00000000)
    __rt_exit_ls                             0x00000173   Thumb Code     0  rtexit2.o(.ARM.Collect$$rtexit$$00000003)
    __rt_exit_prels_1                        0x00000173   Thumb Code     0  rtexit2.o(.ARM.Collect$$rtexit$$00000002)
    __rt_exit_exit                           0x00000177   Thumb Code     0  rtexit2.o(.ARM.Collect$$rtexit$$00000004)
    __asm___6_port_c_39a90d8d__prvPortStartFirstTask 0x0000017d   Thumb Code    36  port.o(.emb_text)
    ulSetInterruptMaskFromISR                0x000001a5   Thumb Code     8  port.o(.emb_text)
    vClearInterruptMaskFromISR               0x000001ad   Thumb Code     6  port.o(.emb_text)
    xPortPendSVHandler                       0x000001b3   Thumb Code    62  port.o(.emb_text)
    Reset_Handler                            0x000001f5   Thumb Code     8  startup_fm33lc0xx.o(.text)
    NMI_Handler                              0x000001fd   Thumb Code     2  startup_fm33lc0xx.o(.text)
    SVC_Handler                              0x00000201   Thumb Code     2  startup_fm33lc0xx.o(.text)
    PendSV_Handler                           0x00000203   Thumb Code     2  startup_fm33lc0xx.o(.text)
    AES_IRQHandler                           0x00000207   Thumb Code     0  startup_fm33lc0xx.o(.text)
    ATIM_IRQHandler                          0x00000207   Thumb Code     0  startup_fm33lc0xx.o(.text)
    COMPx_IRQHandler                         0x00000207   Thumb Code     0  startup_fm33lc0xx.o(.text)
    FLASH_IRQHandler                         0x00000207   Thumb Code     0  startup_fm33lc0xx.o(.text)
    GPIO_IRQHandler                          0x00000207   Thumb Code     0  startup_fm33lc0xx.o(.text)
    GPTIM0_IRQHandler                        0x00000207   Thumb Code     0  startup_fm33lc0xx.o(.text)
    GPTIM1_IRQHandler                        0x00000207   Thumb Code     0  startup_fm33lc0xx.o(.text)
    HFDET_IRQHandler                         0x00000207   Thumb Code     0  startup_fm33lc0xx.o(.text)
    I2C_IRQHandler                           0x00000207   Thumb Code     0  startup_fm33lc0xx.o(.text)
    IWDT_IRQHandler                          0x00000207   Thumb Code     0  startup_fm33lc0xx.o(.text)
    LCD_IRQHandler                           0x00000207   Thumb Code     0  startup_fm33lc0xx.o(.text)
    LFDET_IRQHandler                         0x00000207   Thumb Code     0  startup_fm33lc0xx.o(.text)
    LPUART0_IRQHandler                       0x00000207   Thumb Code     0  startup_fm33lc0xx.o(.text)
    LPUART1_IRQHandler                       0x00000207   Thumb Code     0  startup_fm33lc0xx.o(.text)
    OPAx_IRQHandler                          0x00000207   Thumb Code     0  startup_fm33lc0xx.o(.text)
    RTC_IRQHandler                           0x00000207   Thumb Code     0  startup_fm33lc0xx.o(.text)
    SPI1_IRQHandler                          0x00000207   Thumb Code     0  startup_fm33lc0xx.o(.text)
    SPI2_IRQHandler                          0x00000207   Thumb Code     0  startup_fm33lc0xx.o(.text)
    SVD_IRQHandler                           0x00000207   Thumb Code     0  startup_fm33lc0xx.o(.text)
    U7816_IRQHandler                         0x00000207   Thumb Code     0  startup_fm33lc0xx.o(.text)
    UART0_IRQHandler                         0x00000207   Thumb Code     0  startup_fm33lc0xx.o(.text)
    UART1_IRQHandler                         0x00000207   Thumb Code     0  startup_fm33lc0xx.o(.text)
    UART4_IRQHandler                         0x00000207   Thumb Code     0  startup_fm33lc0xx.o(.text)
    UART5_IRQHandler                         0x00000207   Thumb Code     0  startup_fm33lc0xx.o(.text)
    USB_IRQHandler                           0x00000207   Thumb Code     0  startup_fm33lc0xx.o(.text)
    VREF_IRQHandler                          0x00000207   Thumb Code     0  startup_fm33lc0xx.o(.text)
    WKUP_IRQHandler                          0x00000207   Thumb Code     0  startup_fm33lc0xx.o(.text)
    WWDT_IRQHandler                          0x00000207   Thumb Code     0  startup_fm33lc0xx.o(.text)
    __user_initial_stackheap                 0x00000209   Thumb Code     0  startup_fm33lc0xx.o(.text)
    __use_no_semihosting                     0x0000022d   Thumb Code     2  use_no_semi_2.o(.text)
    __2printf                                0x00000231   Thumb Code    22  noretval__2printf.o(.text)
    __printf                                 0x0000024d   Thumb Code   108  __printf.o(.text)
    _printf_int_dec                          0x000002b9   Thumb Code    90  _printf_dec.o(.text)
    _printf_int_hex                          0x00000325   Thumb Code    84  _printf_hex_int.o(.text)
    _printf_longlong_hex                     0x00000325   Thumb Code     0  _printf_hex_int.o(.text)
    __aeabi_memset                           0x0000037d   Thumb Code    18  aeabi_memset.o(.text)
    _memset_w                                0x0000038f   Thumb Code    26  rt_memclr.o(.text)
    _memset                                  0x000003a9   Thumb Code    30  rt_memclr.o(.text)
    __aeabi_memclr                           0x000003c7   Thumb Code     4  rt_memclr.o(.text)
    __rt_memclr                              0x000003c7   Thumb Code     0  rt_memclr.o(.text)
    __aeabi_memclr4                          0x000003cb   Thumb Code     0  rt_memclr.o(.text)
    __aeabi_memclr8                          0x000003cb   Thumb Code     0  rt_memclr.o(.text)
    __rt_memclr_w                            0x000003cb   Thumb Code     4  rt_memclr.o(.text)
    __aeabi_uidiv                            0x000003cf   Thumb Code     0  aeabi_sdiv.o(.text)
    __aeabi_uidivmod                         0x000003cf   Thumb Code    20  aeabi_sdiv.o(.text)
    __aeabi_idiv                             0x000003e3   Thumb Code     0  aeabi_sdiv.o(.text)
    __aeabi_idivmod                          0x000003e3   Thumb Code   326  aeabi_sdiv.o(.text)
    __use_two_region_memory                  0x00000529   Thumb Code     2  heapauxi.o(.text)
    __rt_heap_escrow$2region                 0x0000052b   Thumb Code     2  heapauxi.o(.text)
    __rt_heap_expand$2region                 0x0000052d   Thumb Code     2  heapauxi.o(.text)
    __I$use$semihosting                      0x0000052f   Thumb Code     0  use_no_semi.o(.text)
    __use_no_semihosting_swi                 0x0000052f   Thumb Code     2  use_no_semi.o(.text)
    _printf_int_common                       0x00000531   Thumb Code   176  _printf_intcommon.o(.text)
    _printf_char_common                      0x000005eb   Thumb Code    32  _printf_char_common.o(.text)
    _printf_char_file                        0x00000611   Thumb Code    34  _printf_char_file.o(.text)
    __rt_udiv10                              0x00000639   Thumb Code    40  rtudiv10.o(.text)
    ferror                                   0x00000661   Thumb Code     8  ferror.o(.text)
    __user_setup_stackheap                   0x00000669   Thumb Code    62  sys_stackheap_outer.o(.text)
    exit                                     0x000006a7   Thumb Code    12  exit.o(.text)
    __user_libspace                          0x000006b5   Thumb Code     8  libspace.o(.text)
    __user_perproc_libspace                  0x000006b5   Thumb Code     0  libspace.o(.text)
    __user_perthread_libspace                0x000006b5   Thumb Code     0  libspace.o(.text)
    ADC_IRQHandler                           0x000006bd   Thumb Code    46  adc.o(i.ADC_IRQHandler)
    BSTIM_IRQHandler                         0x000006f5   Thumb Code    50  bstim32_timing.o(i.BSTIM_IRQHandler)
    DMA_IRQCallBack                          0x0000072d   Thumb Code    14  taskuart.o(i.DMA_IRQCallBack)
    DMA_IRQHandler                           0x00000745   Thumb Code    50  uart.o(i.DMA_IRQHandler)
    DebugUartInit                            0x0000077d   Thumb Code    90  user_init.o(i.DebugUartInit)
    DelayInit                                0x000007e1   Thumb Code    30  pll.o(i.DelayInit)
    DelayMs                                  0x00000815   Thumb Code    24  pll.o(i.DelayMs)
    DelayUs                                  0x0000082d   Thumb Code    46  pll.o(i.DelayUs)
    FL_ADC_CommonInit                        0x0000086d   Thumb Code    86  fm33lc0xx_fl_adc.o(i.FL_ADC_CommonInit)
    FL_ADC_Init                              0x000008c9   Thumb Code   416  fm33lc0xx_fl_adc.o(i.FL_ADC_Init)
    FL_BSTIM32_Init                          0x00000a7d   Thumb Code   130  fm33lc0xx_fl_bstim32.o(i.FL_BSTIM32_Init)
    FL_DMA_Init                              0x00000b11   Thumb Code   368  fm33lc0xx_fl_dma.o(i.FL_DMA_Init)
    FL_DMA_StartTransmission                 0x00000c85   Thumb Code   138  fm33lc0xx_fl_dma.o(i.FL_DMA_StartTransmission)
    FL_GPIO_Init                             0x00000d4d   Thumb Code   236  fm33lc0xx_fl_gpio.o(i.FL_GPIO_Init)
    FL_LPTIM32_Init                          0x00000e61   Thumb Code   220  fm33lc0xx_fl_lptim32.o(i.FL_LPTIM32_Init)
    FL_RCC_GetAHBClockFreq                   0x00000fc1   Thumb Code   104  fm33lc0xx_fl_rcc.o(i.FL_RCC_GetAHBClockFreq)
    FL_RCC_GetAPB1ClockFreq                  0x0000102d   Thumb Code   104  fm33lc0xx_fl_rcc.o(i.FL_RCC_GetAPB1ClockFreq)
    FL_RCC_GetAPB2ClockFreq                  0x00001099   Thumb Code   104  fm33lc0xx_fl_rcc.o(i.FL_RCC_GetAPB2ClockFreq)
    FL_RCC_GetPLLClockFreq                   0x00001105   Thumb Code   146  fm33lc0xx_fl_rcc.o(i.FL_RCC_GetPLLClockFreq)
    FL_RCC_GetRC4MClockFreq                  0x000011a1   Thumb Code    58  fm33lc0xx_fl_rcc.o(i.FL_RCC_GetRC4MClockFreq)
    FL_RCC_GetRCHFClockFreq                  0x000011f1   Thumb Code    50  fm33lc0xx_fl_rcc.o(i.FL_RCC_GetRCHFClockFreq)
    FL_RCC_GetSystemClockFreq                0x00001235   Thumb Code    72  fm33lc0xx_fl_rcc.o(i.FL_RCC_GetSystemClockFreq)
    FL_RCC_GetUSBClockFreqToSysclk           0x00001285   Thumb Code    22  fm33lc0xx_fl_rcc.o(i.FL_RCC_GetUSBClockFreqToSysclk)
    FL_UART_DeInit                           0x000012a9   Thumb Code   158  fm33lc0xx_fl_uart.o(i.FL_UART_DeInit)
    FL_UART_Init                             0x00001361   Thumb Code   396  fm33lc0xx_fl_uart.o(i.FL_UART_Init)
    GPIO_Init                                0x00001501   Thumb Code   112  gpio.o(i.GPIO_Init)
    GPIO_ToggleBits                          0x00001575   Thumb Code    38  gpio.o(i.GPIO_ToggleBits)
    HardFault_Handler                        0x0000159d   Thumb Code    10  main.o(i.HardFault_Handler)
    LPTIM_IRQHandler                         0x000015b5   Thumb Code    44  lptim32_timing.o(i.LPTIM_IRQHandler)
    Led0Task                                 0x000015e5   Thumb Code    28  main.o(i.Led0Task)
    Led1Task                                 0x00001605   Thumb Code    20  main.o(i.Led1Task)
    Led2Task                                 0x0000161d   Thumb Code    68  main.o(i.Led2Task)
    LedInit                                  0x00001669   Thumb Code   112  user_init.o(i.LedInit)
    MF_ADC_Common_Init                       0x000016dd   Thumb Code    22  mf_config.o(i.MF_ADC_Common_Init)
    MF_ADC_Init                              0x000016f5   Thumb Code    86  mf_config.o(i.MF_ADC_Init)
    MF_BSTIM32_Init                          0x00001755   Thumb Code    46  mf_config.o(i.MF_BSTIM32_Init)
    MF_Clock_Init                            0x00001789   Thumb Code     2  mf_config.o(i.MF_Clock_Init)
    MF_Config_Init                           0x0000178b   Thumb Code    24  mf_config.o(i.MF_Config_Init)
    MF_LPTIM32_Init                          0x000017a5   Thumb Code    60  mf_config.o(i.MF_LPTIM32_Init)
    MF_NVIC_Init                             0x000017e5   Thumb Code    16  mf_config.o(i.MF_NVIC_Init)
    MF_SystemClock_Config                    0x000017f5   Thumb Code     2  mf_config.o(i.MF_SystemClock_Config)
    NVIC_Init                                0x00001829   Thumb Code    68  system_fm33lc0xx.o(i.NVIC_Init)
    SelXTHFToPLL                             0x000019d9   Thumb Code   278  pll.o(i.SelXTHFToPLL)
    SystemInit                               0x00001af9   Thumb Code   208  system_fm33lc0xx.o(i.SystemInit)
    SystickInit                              0x00001bd9   Thumb Code    26  user_init.o(i.SystickInit)
    TimeStart                                0x00001bf9   Thumb Code     8  bstim32_timing.o(i.TimeStart)
    TimeStop                                 0x00001c05   Thumb Code     6  bstim32_timing.o(i.TimeStop)
    UARTx_DMA                                0x00001c11   Thumb Code   166  uart.o(i.UARTx_DMA)
    UARTx_DMA_Rx                             0x00001cc1   Thumb Code   122  uart.o(i.UARTx_DMA_Rx)
    UartTask                                 0x00001d45   Thumb Code    54  taskuart.o(i.UartTask)
    Uartx_Init                               0x00001d99   Thumb Code   290  uart.o(i.Uartx_Init)
    UserInit                                 0x00001ec5   Thumb Code    16  user_init.o(i.UserInit)
    XTHFInit                                 0x00001ed5   Thumb Code    76  pll.o(i.XTHFInit)
    __ARM_common_switch8                     0x00001f29   Thumb Code    28  fm33lc0xx_fl_lpuart.o(i.__ARM_common_switch8)
    _sys_exit                                0x00001f45   Thumb Code     4  user_init.o(i._sys_exit)
    delay_init                               0x00001f49   Thumb Code    70  user_init.o(i.delay_init)
    delay_ms                                 0x00001fa1   Thumb Code    62  user_init.o(i.delay_ms)
    delay_us                                 0x00001fe5   Thumb Code    62  user_init.o(i.delay_us)
    delay_xms                                0x0000202d   Thumb Code    24  user_init.o(i.delay_xms)
    fputc                                    0x00002045   Thumb Code    42  user_init.o(i.fputc)
    main                                     0x00002075   Thumb Code   204  main.o(i.main)
    pvPortMalloc                             0x00002699   Thumb Code   190  heap_4.o(i.pvPortMalloc)
    pvTaskIncrementMutexHeldCount            0x0000276d   Thumb Code    28  tasks.o(i.pvTaskIncrementMutexHeldCount)
    pxPortInitialiseStack                    0x0000278d   Thumb Code    26  port.o(i.pxPortInitialiseStack)
    uxListRemove                             0x000027ad   Thumb Code    40  list.o(i.uxListRemove)
    vApplicationIdleHook                     0x000027d5   Thumb Code     2  main.o(i.vApplicationIdleHook)
    vListInitialise                          0x000027d7   Thumb Code    26  list.o(i.vListInitialise)
    vListInitialiseItem                      0x000027f1   Thumb Code     6  list.o(i.vListInitialiseItem)
    vListInsert                              0x000027f7   Thumb Code    54  list.o(i.vListInsert)
    vListInsertEnd                           0x0000282d   Thumb Code    24  list.o(i.vListInsertEnd)
    vPortEnterCritical                       0x00002845   Thumb Code    22  port.o(i.vPortEnterCritical)
    vPortExitCritical                        0x00002861   Thumb Code    22  port.o(i.vPortExitCritical)
    vPortFree                                0x0000287d   Thumb Code    70  heap_4.o(i.vPortFree)
    vPortSVCHandler                          0x000028cd   Thumb Code     2  port.o(i.vPortSVCHandler)
    vPortYield                               0x000028d1   Thumb Code    18  port.o(i.vPortYield)
    vTaskDelay                               0x000028e9   Thumb Code    38  tasks.o(i.vTaskDelay)
    vTaskInternalSetTimeOutState             0x00002911   Thumb Code    14  tasks.o(i.vTaskInternalSetTimeOutState)
    vTaskMissedYield                         0x00002929   Thumb Code     8  tasks.o(i.vTaskMissedYield)
    vTaskPlaceOnEventList                    0x00002935   Thumb Code    28  tasks.o(i.vTaskPlaceOnEventList)
    vTaskPriorityDisinheritAfterTimeout      0x00002955   Thumb Code   128  tasks.o(i.vTaskPriorityDisinheritAfterTimeout)
    vTaskStartScheduler                      0x000029dd   Thumb Code    62  tasks.o(i.vTaskStartScheduler)
    vTaskSuspendAll                          0x00002a39   Thumb Code    12  tasks.o(i.vTaskSuspendAll)
    vTaskSwitchContext                       0x00002a49   Thumb Code   152  tasks.o(i.vTaskSwitchContext)
    xPortStartScheduler                      0x00002afd   Thumb Code    48  port.o(i.xPortStartScheduler)
    xPortSysTickHandler                      0x00002b35   Thumb Code    32  port.o(i.xPortSysTickHandler)
    xQueueCreateCountingSemaphore            0x00002b59   Thumb Code    28  queue.o(i.xQueueCreateCountingSemaphore)
    xQueueGenericCreate                      0x00002b75   Thumb Code    64  queue.o(i.xQueueGenericCreate)
    xQueueGenericReset                       0x00002bb5   Thumb Code   120  queue.o(i.xQueueGenericReset)
    xQueueGiveFromISR                        0x00002c2d   Thumb Code   110  queue.o(i.xQueueGiveFromISR)
    xQueueSemaphoreTake                      0x00002c9b   Thumb Code   298  queue.o(i.xQueueSemaphoreTake)
    xTaskCheckForTimeOut                     0x00002dc5   Thumb Code    86  tasks.o(i.xTaskCheckForTimeOut)
    xTaskCreate                              0x00002e25   Thumb Code    92  tasks.o(i.xTaskCreate)
    xTaskGetSchedulerState                   0x00002e81   Thumb Code    28  tasks.o(i.xTaskGetSchedulerState)
    xTaskIncrementTick                       0x00002ea5   Thumb Code   242  tasks.o(i.xTaskIncrementTick)
    xTaskPriorityInherit                     0x00002fc5   Thumb Code   150  tasks.o(i.xTaskPriorityInherit)
    xTaskRemoveFromEventList                 0x00003069   Thumb Code   102  tasks.o(i.xTaskRemoveFromEventList)
    xTaskResumeAll                           0x000030e9   Thumb Code   192  tasks.o(i.xTaskResumeAll)
    Region$$Table$$Base                      0x000031f0   Number         0  anon$$obj.o(Region$$Table)
    Region$$Table$$Limit                     0x00003210   Number         0  anon$$obj.o(Region$$Table)
    ADCComplete                              0x20000000   Data           1  adc.o(.data)
    ADCbuffer                                0x20000002   Data           6  adc.o(.data)
    ADC_QueueHandle                          0x20000010   Data           4  main.o(.data)
    dmaSemaphore                             0x20000014   Data           4  main.o(.data)
    __stdout                                 0x20000018   Data           4  user_init.o(.data)
    pxCurrentTCB                             0x20000024   Data           4  tasks.o(.data)
    TestRxData                               0x20000084   Data         100  main.o(.bss)
    __libspace_start                         0x20002a14   Data          96  libspace.o(.bss)
    __temporary_stack_top$libspace           0x20002a74   Data           0  libspace.o(.bss)



==============================================================================

Memory Map of the image

  Image Entry point : 0x000000c1

  Load Region LR_IROM1 (Base: 0x00000000, Size: 0x00003294, Max: 0x00040000, ABSOLUTE)

    Execution Region ER_IROM1 (Base: 0x00000000, Size: 0x00003210, Max: 0x00040000, ABSOLUTE)

    Base Addr    Size         Type   Attr      Idx    E Section Name        Object

    0x00000000   0x000000c0   Data   RO            3    RESET               startup_fm33lc0xx.o
    0x000000c0   0x00000008   Code   RO         3342  * !!!main             c_p.l(__main.o)
    0x000000c8   0x0000003c   Code   RO         3562    !!!scatter          c_p.l(__scatter.o)
    0x00000104   0x0000001a   Code   RO         3564    !!handler_copy      c_p.l(__scatter_copy.o)
    0x0000011e   0x00000002   PAD
    0x00000120   0x0000001c   Code   RO         3566    !!handler_zi        c_p.l(__scatter_zi.o)
    0x0000013c   0x00000002   Code   RO         3323    .ARM.Collect$$_printf_percent$$00000000  c_p.l(_printf_percent.o)
    0x0000013e   0x0000000a   Code   RO         3322    .ARM.Collect$$_printf_percent$$0000000A  c_p.l(_printf_u.o)
    0x00000148   0x0000000a   Code   RO         3320    .ARM.Collect$$_printf_percent$$0000000C  c_p.l(_printf_x.o)
    0x00000152   0x00000004   Code   RO         3387    .ARM.Collect$$_printf_percent$$00000017  c_p.l(_printf_percent_end.o)
    0x00000156   0x00000002   Code   RO         3434    .ARM.Collect$$libinit$$00000000  c_p.l(libinit.o)
    0x00000158   0x00000000   Code   RO         3450    .ARM.Collect$$libinit$$00000002  c_p.l(libinit2.o)
    0x00000158   0x00000000   Code   RO         3452    .ARM.Collect$$libinit$$00000004  c_p.l(libinit2.o)
    0x00000158   0x00000000   Code   RO         3455    .ARM.Collect$$libinit$$0000000A  c_p.l(libinit2.o)
    0x00000158   0x00000000   Code   RO         3457    .ARM.Collect$$libinit$$0000000C  c_p.l(libinit2.o)
    0x00000158   0x00000000   Code   RO         3459    .ARM.Collect$$libinit$$0000000E  c_p.l(libinit2.o)
    0x00000158   0x00000000   Code   RO         3462    .ARM.Collect$$libinit$$00000011  c_p.l(libinit2.o)
    0x00000158   0x00000000   Code   RO         3464    .ARM.Collect$$libinit$$00000013  c_p.l(libinit2.o)
    0x00000158   0x00000000   Code   RO         3466    .ARM.Collect$$libinit$$00000015  c_p.l(libinit2.o)
    0x00000158   0x00000000   Code   RO         3468    .ARM.Collect$$libinit$$00000017  c_p.l(libinit2.o)
    0x00000158   0x00000000   Code   RO         3470    .ARM.Collect$$libinit$$00000019  c_p.l(libinit2.o)
    0x00000158   0x00000000   Code   RO         3472    .ARM.Collect$$libinit$$0000001B  c_p.l(libinit2.o)
    0x00000158   0x00000000   Code   RO         3474    .ARM.Collect$$libinit$$0000001D  c_p.l(libinit2.o)
    0x00000158   0x00000000   Code   RO         3476    .ARM.Collect$$libinit$$0000001F  c_p.l(libinit2.o)
    0x00000158   0x00000000   Code   RO         3478    .ARM.Collect$$libinit$$00000021  c_p.l(libinit2.o)
    0x00000158   0x00000000   Code   RO         3480    .ARM.Collect$$libinit$$00000023  c_p.l(libinit2.o)
    0x00000158   0x00000000   Code   RO         3482    .ARM.Collect$$libinit$$00000025  c_p.l(libinit2.o)
    0x00000158   0x00000000   Code   RO         3486    .ARM.Collect$$libinit$$0000002C  c_p.l(libinit2.o)
    0x00000158   0x00000000   Code   RO         3488    .ARM.Collect$$libinit$$0000002E  c_p.l(libinit2.o)
    0x00000158   0x00000000   Code   RO         3490    .ARM.Collect$$libinit$$00000030  c_p.l(libinit2.o)
    0x00000158   0x00000000   Code   RO         3492    .ARM.Collect$$libinit$$00000032  c_p.l(libinit2.o)
    0x00000158   0x00000002   Code   RO         3493    .ARM.Collect$$libinit$$00000033  c_p.l(libinit2.o)
    0x0000015a   0x00000002   Code   RO         3519    .ARM.Collect$$libshutdown$$00000000  c_p.l(libshutdown.o)
    0x0000015c   0x00000000   Code   RO         3547    .ARM.Collect$$libshutdown$$00000003  c_p.l(libshutdown2.o)
    0x0000015c   0x00000000   Code   RO         3550    .ARM.Collect$$libshutdown$$00000006  c_p.l(libshutdown2.o)
    0x0000015c   0x00000000   Code   RO         3553    .ARM.Collect$$libshutdown$$00000009  c_p.l(libshutdown2.o)
    0x0000015c   0x00000000   Code   RO         3555    .ARM.Collect$$libshutdown$$0000000B  c_p.l(libshutdown2.o)
    0x0000015c   0x00000000   Code   RO         3558    .ARM.Collect$$libshutdown$$0000000E  c_p.l(libshutdown2.o)
    0x0000015c   0x00000002   Code   RO         3559    .ARM.Collect$$libshutdown$$0000000F  c_p.l(libshutdown2.o)
    0x0000015e   0x00000000   Code   RO         3368    .ARM.Collect$$rtentry$$00000000  c_p.l(__rtentry.o)
    0x0000015e   0x00000000   Code   RO         3394    .ARM.Collect$$rtentry$$00000002  c_p.l(__rtentry2.o)
    0x0000015e   0x00000006   Code   RO         3406    .ARM.Collect$$rtentry$$00000004  c_p.l(__rtentry4.o)
    0x00000164   0x00000000   Code   RO         3396    .ARM.Collect$$rtentry$$00000009  c_p.l(__rtentry2.o)
    0x00000164   0x00000004   Code   RO         3397    .ARM.Collect$$rtentry$$0000000A  c_p.l(__rtentry2.o)
    0x00000168   0x00000000   Code   RO         3399    .ARM.Collect$$rtentry$$0000000C  c_p.l(__rtentry2.o)
    0x00000168   0x00000008   Code   RO         3400    .ARM.Collect$$rtentry$$0000000D  c_p.l(__rtentry2.o)
    0x00000170   0x00000002   Code   RO         3441    .ARM.Collect$$rtexit$$00000000  c_p.l(rtexit.o)
    0x00000172   0x00000000   Code   RO         3495    .ARM.Collect$$rtexit$$00000002  c_p.l(rtexit2.o)
    0x00000172   0x00000004   Code   RO         3496    .ARM.Collect$$rtexit$$00000003  c_p.l(rtexit2.o)
    0x00000176   0x00000006   Code   RO         3497    .ARM.Collect$$rtexit$$00000004  c_p.l(rtexit2.o)
    0x0000017c   0x00000078   Code   RO         3186    .emb_text           port.o
    0x000001f4   0x00000038   Code   RO            4    .text               startup_fm33lc0xx.o
    0x0000022c   0x00000002   Code   RO         3258    .text               c_p.l(use_no_semi_2.o)
    0x0000022e   0x00000002   PAD
    0x00000230   0x0000001c   Code   RO         3268    .text               c_p.l(noretval__2printf.o)
    0x0000024c   0x0000006c   Code   RO         3272    .text               c_p.l(__printf.o)
    0x000002b8   0x0000006c   Code   RO         3276    .text               c_p.l(_printf_dec.o)
    0x00000324   0x00000058   Code   RO         3281    .text               c_p.l(_printf_hex_int.o)
    0x0000037c   0x00000012   Code   RO         3332    .text               c_p.l(aeabi_memset.o)
    0x0000038e   0x00000040   Code   RO         3334    .text               c_p.l(rt_memclr.o)
    0x000003ce   0x0000015a   Code   RO         3336    .text               c_p.l(aeabi_sdiv.o)
    0x00000528   0x00000006   Code   RO         3340    .text               c_p.l(heapauxi.o)
    0x0000052e   0x00000002   Code   RO         3366    .text               c_p.l(use_no_semi.o)
    0x00000530   0x000000b0   Code   RO         3377    .text               c_p.l(_printf_intcommon.o)
    0x000005e0   0x00000030   Code   RO         3379    .text               c_p.l(_printf_char_common.o)
    0x00000610   0x00000028   Code   RO         3385    .text               c_p.l(_printf_char_file.o)
    0x00000638   0x00000028   Code   RO         3388    .text               c_p.l(rtudiv10.o)
    0x00000660   0x00000008   Code   RO         3412    .text               c_p.l(ferror.o)
    0x00000668   0x0000003e   Code   RO         3420    .text               c_p.l(sys_stackheap_outer.o)
    0x000006a6   0x0000000c   Code   RO         3423    .text               c_p.l(exit.o)
    0x000006b2   0x00000002   PAD
    0x000006b4   0x00000008   Code   RO         3437    .text               c_p.l(libspace.o)
    0x000006bc   0x00000038   Code   RO          190    i.ADC_IRQHandler    adc.o
    0x000006f4   0x00000038   Code   RO          379    i.BSTIM_IRQHandler  bstim32_timing.o
    0x0000072c   0x00000018   Code   RO          547    i.DMA_IRQCallBack   taskuart.o
    0x00000744   0x00000038   Code   RO          465    i.DMA_IRQHandler    uart.o
    0x0000077c   0x00000064   Code   RO          767    i.DebugUartInit     user_init.o
    0x000007e0   0x00000034   Code   RO          640    i.DelayInit         pll.o
    0x00000814   0x00000018   Code   RO          641    i.DelayMs           pll.o
    0x0000082c   0x00000038   Code   RO          642    i.DelayUs           pll.o
    0x00000864   0x00000006   Code   RO          191    i.FL_ADC_ClearFlag_EndOfConversion  adc.o
    0x0000086a   0x00000002   PAD
    0x0000086c   0x0000005c   Code   RO          942    i.FL_ADC_CommonInit  fm33lc0xx_fl_adc.o
    0x000008c8   0x000001a4   Code   RO          945    i.FL_ADC_Init       fm33lc0xx_fl_adc.o
    0x00000a6c   0x00000010   Code   RO          197    i.FL_ADC_IsActiveFlag_EndOfConversion  adc.o
    0x00000a7c   0x00000088   Code   RO         1190    i.FL_BSTIM32_Init   fm33lc0xx_fl_bstim32.o
    0x00000b04   0x0000000a   Code   RO          467    i.FL_DMA_ClearFlag_TransferComplete  uart.o
    0x00000b0e   0x00000002   PAD
    0x00000b10   0x00000174   Code   RO         1303    i.FL_DMA_Init       fm33lc0xx_fl_dma.o
    0x00000c84   0x0000008a   Code   RO         1304    i.FL_DMA_StartTransmission  fm33lc0xx_fl_dma.o
    0x00000d0e   0x0000000c   Code   RO          643    i.FL_FLASH_SetReadWait  pll.o
    0x00000d1a   0x0000000a   Code   RO         1541    i.FL_GPIO_DisablePinAnalogSwitch  fm33lc0xx_fl_gpio.o
    0x00000d24   0x0000000a   Code   RO         1542    i.FL_GPIO_DisablePinInput  fm33lc0xx_fl_gpio.o
    0x00000d2e   0x0000000a   Code   RO         1543    i.FL_GPIO_DisablePinOpenDrain  fm33lc0xx_fl_gpio.o
    0x00000d38   0x0000000a   Code   RO         1544    i.FL_GPIO_DisablePinPullup  fm33lc0xx_fl_gpio.o
    0x00000d42   0x0000000a   Code   RO         1545    i.FL_GPIO_DisablePinRemap  fm33lc0xx_fl_gpio.o
    0x00000d4c   0x000000f0   Code   RO         1547    i.FL_GPIO_Init      fm33lc0xx_fl_gpio.o
    0x00000e3c   0x0000000a   Code   RO          768    i.FL_GPIO_ResetOutputPin  user_init.o
    0x00000e46   0x0000001a   Code   RO         1548    i.FL_GPIO_SetPinMode  fm33lc0xx_fl_gpio.o
    0x00000e60   0x000000e4   Code   RO         1900    i.FL_LPTIM32_Init   fm33lc0xx_fl_lptim32.o
    0x00000f44   0x0000000c   Code   RO         1904    i.FL_LPTIM32_SetETRTriggerEdge  fm33lc0xx_fl_lptim32.o
    0x00000f50   0x00000010   Code   RO         2395    i.FL_RCC_DisableGroup1OperationClock  fm33lc0xx_fl_uart.o
    0x00000f60   0x00000010   Code   RO         2396    i.FL_RCC_DisableGroup3BusClock  fm33lc0xx_fl_uart.o
    0x00000f70   0x00000010   Code   RO         2397    i.FL_RCC_DisableResetAPB2Peripheral  fm33lc0xx_fl_uart.o
    0x00000f80   0x00000010   Code   RO         2398    i.FL_RCC_EnableGroup1OperationClock  fm33lc0xx_fl_uart.o
    0x00000f90   0x00000010   Code   RO         2399    i.FL_RCC_EnableGroup3BusClock  fm33lc0xx_fl_uart.o
    0x00000fa0   0x00000010   Code   RO         2400    i.FL_RCC_EnableResetAPB1Peripheral  fm33lc0xx_fl_uart.o
    0x00000fb0   0x00000010   Code   RO         2401    i.FL_RCC_EnableResetAPB2Peripheral  fm33lc0xx_fl_uart.o
    0x00000fc0   0x0000006c   Code   RO         2102    i.FL_RCC_GetAHBClockFreq  fm33lc0xx_fl_rcc.o
    0x0000102c   0x0000006c   Code   RO         2103    i.FL_RCC_GetAPB1ClockFreq  fm33lc0xx_fl_rcc.o
    0x00001098   0x0000006c   Code   RO         2104    i.FL_RCC_GetAPB2ClockFreq  fm33lc0xx_fl_rcc.o
    0x00001104   0x0000009c   Code   RO         2105    i.FL_RCC_GetPLLClockFreq  fm33lc0xx_fl_rcc.o
    0x000011a0   0x00000050   Code   RO         2106    i.FL_RCC_GetRC4MClockFreq  fm33lc0xx_fl_rcc.o
    0x000011f0   0x00000044   Code   RO         2107    i.FL_RCC_GetRCHFClockFreq  fm33lc0xx_fl_rcc.o
    0x00001234   0x00000050   Code   RO         2108    i.FL_RCC_GetSystemClockFreq  fm33lc0xx_fl_rcc.o
    0x00001284   0x00000024   Code   RO         2109    i.FL_RCC_GetUSBClockFreqToSysclk  fm33lc0xx_fl_rcc.o
    0x000012a8   0x000000b8   Code   RO         2402    i.FL_UART_DeInit    fm33lc0xx_fl_uart.o
    0x00001360   0x000001a0   Code   RO         2405    i.FL_UART_Init      fm33lc0xx_fl_uart.o
    0x00001500   0x00000074   Code   RO          587    i.GPIO_Init         gpio.o
    0x00001574   0x00000026   Code   RO          588    i.GPIO_ToggleBits   gpio.o
    0x0000159a   0x00000002   PAD
    0x0000159c   0x00000018   Code   RO          706    i.HardFault_Handler  main.o
    0x000015b4   0x00000030   Code   RO          429    i.LPTIM_IRQHandler  lptim32_timing.o
    0x000015e4   0x00000020   Code   RO          707    i.Led0Task          main.o
    0x00001604   0x00000018   Code   RO          708    i.Led1Task          main.o
    0x0000161c   0x0000004c   Code   RO          709    i.Led2Task          main.o
    0x00001668   0x00000074   Code   RO          771    i.LedInit           user_init.o
    0x000016dc   0x00000016   Code   RO           13    i.MF_ADC_Common_Init  mf_config.o
    0x000016f2   0x00000002   PAD
    0x000016f4   0x00000060   Code   RO           14    i.MF_ADC_Init       mf_config.o
    0x00001754   0x00000034   Code   RO           15    i.MF_BSTIM32_Init   mf_config.o
    0x00001788   0x00000002   Code   RO           16    i.MF_Clock_Init     mf_config.o
    0x0000178a   0x00000018   Code   RO           17    i.MF_Config_Init    mf_config.o
    0x000017a2   0x00000002   PAD
    0x000017a4   0x00000040   Code   RO           18    i.MF_LPTIM32_Init   mf_config.o
    0x000017e4   0x00000010   Code   RO           19    i.MF_NVIC_Init      mf_config.o
    0x000017f4   0x00000002   Code   RO           20    i.MF_SystemClock_Config  mf_config.o
    0x000017f6   0x00000002   PAD
    0x000017f8   0x00000018   Code   RO          468    i.NVIC_DisableIRQ   uart.o
    0x00001810   0x00000018   Code   RO          469    i.NVIC_EnableIRQ    uart.o
    0x00001828   0x00000048   Code   RO          898    i.NVIC_Init         system_fm33lc0xx.o
    0x00001870   0x00000078   Code   RO          470    i.NVIC_SetPriority  uart.o
    0x000018e8   0x00000078   Code   RO          772    i.NVIC_SetPriority  user_init.o
    0x00001960   0x00000078   Code   RO          899    i.NVIC_SetPriority  system_fm33lc0xx.o
    0x000019d8   0x00000120   Code   RO          645    i.SelXTHFToPLL      pll.o
    0x00001af8   0x000000e0   Code   RO          901    i.SystemInit        system_fm33lc0xx.o
    0x00001bd8   0x00000020   Code   RO          774    i.SystickInit       user_init.o
    0x00001bf8   0x0000000c   Code   RO          380    i.TimeStart         bstim32_timing.o
    0x00001c04   0x0000000c   Code   RO          381    i.TimeStop          bstim32_timing.o
    0x00001c10   0x000000b0   Code   RO          471    i.UARTx_DMA         uart.o
    0x00001cc0   0x00000084   Code   RO          472    i.UARTx_DMA_Rx      uart.o
    0x00001d44   0x00000054   Code   RO          548    i.UartTask          taskuart.o
    0x00001d98   0x0000012c   Code   RO          473    i.Uartx_Init        uart.o
    0x00001ec4   0x00000010   Code   RO          775    i.UserInit          user_init.o
    0x00001ed4   0x00000054   Code   RO          646    i.XTHFInit          pll.o
    0x00001f28   0x0000001c   Code   RO         2016    i.__ARM_common_switch8  fm33lc0xx_fl_lpuart.o
    0x00001f44   0x00000004   Code   RO          776    i._sys_exit         user_init.o
    0x00001f48   0x00000058   Code   RO          777    i.delay_init        user_init.o
    0x00001fa0   0x00000044   Code   RO          778    i.delay_ms          user_init.o
    0x00001fe4   0x00000048   Code   RO          779    i.delay_us          user_init.o
    0x0000202c   0x00000018   Code   RO          780    i.delay_xms         user_init.o
    0x00002044   0x00000030   Code   RO          781    i.fputc             user_init.o
    0x00002074   0x00000154   Code   RO          710    i.main              main.o
    0x000021c8   0x0000007c   Code   RO         2762    i.prvAddCurrentTaskToDelayedList  tasks.o
    0x00002244   0x000000ac   Code   RO         2763    i.prvAddNewTaskToReadyList  tasks.o
    0x000022f0   0x00000048   Code   RO         2764    i.prvCheckTasksWaitingTermination  tasks.o
    0x00002338   0x00000012   Code   RO         2765    i.prvDeleteTCB      tasks.o
    0x0000234a   0x00000016   Code   RO         2584    i.prvGetDisinheritPriorityAfterTimeout  queue.o
    0x00002360   0x0000007c   Code   RO         3137    i.prvHeapInit       heap_4.o
    0x000023dc   0x0000001c   Code   RO         2766    i.prvIdleTask       tasks.o
    0x000023f8   0x0000002c   Code   RO         2586    i.prvInitialiseNewQueue  queue.o
    0x00002424   0x000000a4   Code   RO         2767    i.prvInitialiseNewTask  tasks.o
    0x000024c8   0x00000064   Code   RO         2768    i.prvInitialiseTaskLists  tasks.o
    0x0000252c   0x00000068   Code   RO         3138    i.prvInsertBlockIntoFreeList  heap_4.o
    0x00002594   0x0000001c   Code   RO         2587    i.prvIsQueueEmpty   queue.o
    0x000025b0   0x00000038   Code   RO         2770    i.prvResetNextTaskUnblockTime  tasks.o
    0x000025e8   0x0000001c   Code   RO         3187    i.prvSetupTimerInterrupt  port.o
    0x00002604   0x00000006   Code   RO         3188    i.prvTaskExitError  port.o
    0x0000260a   0x0000008e   Code   RO         2589    i.prvUnlockQueue    queue.o
    0x00002698   0x000000d4   Code   RO         3139    i.pvPortMalloc      heap_4.o
    0x0000276c   0x00000020   Code   RO         2774    i.pvTaskIncrementMutexHeldCount  tasks.o
    0x0000278c   0x00000020   Code   RO         3189    i.pxPortInitialiseStack  port.o
    0x000027ac   0x00000028   Code   RO         2534    i.uxListRemove      list.o
    0x000027d4   0x00000002   Code   RO          711    i.vApplicationIdleHook  main.o
    0x000027d6   0x0000001a   Code   RO         2535    i.vListInitialise   list.o
    0x000027f0   0x00000006   Code   RO         2536    i.vListInitialiseItem  list.o
    0x000027f6   0x00000036   Code   RO         2537    i.vListInsert       list.o
    0x0000282c   0x00000018   Code   RO         2538    i.vListInsertEnd    list.o
    0x00002844   0x0000001c   Code   RO         3191    i.vPortEnterCritical  port.o
    0x00002860   0x0000001c   Code   RO         3192    i.vPortExitCritical  port.o
    0x0000287c   0x00000050   Code   RO         3140    i.vPortFree         heap_4.o
    0x000028cc   0x00000002   Code   RO         3193    i.vPortSVCHandler   port.o
    0x000028ce   0x00000002   PAD
    0x000028d0   0x00000018   Code   RO         3194    i.vPortYield        port.o
    0x000028e8   0x00000026   Code   RO         2782    i.vTaskDelay        tasks.o
    0x0000290e   0x00000002   PAD
    0x00002910   0x00000018   Code   RO         2788    i.vTaskInternalSetTimeOutState  tasks.o
    0x00002928   0x0000000c   Code   RO         2790    i.vTaskMissedYield  tasks.o
    0x00002934   0x00000020   Code   RO         2792    i.vTaskPlaceOnEventList  tasks.o
    0x00002954   0x00000088   Code   RO         2794    i.vTaskPriorityDisinheritAfterTimeout  tasks.o
    0x000029dc   0x0000005c   Code   RO         2800    i.vTaskStartScheduler  tasks.o
    0x00002a38   0x00000010   Code   RO         2802    i.vTaskSuspendAll   tasks.o
    0x00002a48   0x000000b4   Code   RO         2803    i.vTaskSwitchContext  tasks.o
    0x00002afc   0x00000038   Code   RO         3195    i.xPortStartScheduler  port.o
    0x00002b34   0x00000024   Code   RO         3196    i.xPortSysTickHandler  port.o
    0x00002b58   0x0000001c   Code   RO         2597    i.xQueueCreateCountingSemaphore  queue.o
    0x00002b74   0x00000040   Code   RO         2599    i.xQueueGenericCreate  queue.o
    0x00002bb4   0x00000078   Code   RO         2600    i.xQueueGenericReset  queue.o
    0x00002c2c   0x0000006e   Code   RO         2603    i.xQueueGiveFromISR  queue.o
    0x00002c9a   0x0000012a   Code   RO         2610    i.xQueueSemaphoreTake  queue.o
    0x00002dc4   0x00000060   Code   RO         2804    i.xTaskCheckForTimeOut  tasks.o
    0x00002e24   0x0000005c   Code   RO         2805    i.xTaskCreate       tasks.o
    0x00002e80   0x00000024   Code   RO         2809    i.xTaskGetSchedulerState  tasks.o
    0x00002ea4   0x00000120   Code   RO         2812    i.xTaskIncrementTick  tasks.o
    0x00002fc4   0x000000a4   Code   RO         2816    i.xTaskPriorityInherit  tasks.o
    0x00003068   0x00000080   Code   RO         2817    i.xTaskRemoveFromEventList  tasks.o
    0x000030e8   0x000000e0   Code   RO         2818    i.xTaskResumeAll    tasks.o
    0x000031c8   0x00000028   Data   RO         3282    .constdata          c_p.l(_printf_hex_int.o)
    0x000031f0   0x00000020   Data   RO         3560    Region$$Table       anon$$obj.o


    Execution Region RW_IRAM1 (Base: 0x20000000, Size: 0x00003a78, Max: 0x00006000, ABSOLUTE)

    Base Addr    Size         Type   Attr      Idx    E Section Name        Object

    0x20000000   0x00000008   Data   RW          211    .data               adc.o
    0x20000008   0x00000004   Data   RW          549    .data               taskuart.o
    0x2000000c   0x00000001   Data   RW          647    .data               pll.o
    0x2000000d   0x00000003   PAD
    0x20000010   0x00000008   Data   RW          713    .data               main.o
    0x20000018   0x0000000a   Data   RW          782    .data               user_init.o
    0x20000022   0x00000002   PAD
    0x20000024   0x00000044   Data   RW         2821    .data               tasks.o
    0x20000068   0x00000018   Data   RW         3145    .data               heap_4.o
    0x20000080   0x00000004   Data   RW         3197    .data               port.o
    0x20000084   0x00000064   Zero   RW          712    .bss                main.o
    0x200000e8   0x0000012c   Zero   RW         2820    .bss                tasks.o
    0x20000214   0x00002800   Zero   RW         3144    .bss                heap_4.o
    0x20002a14   0x00000060   Zero   RW         3438    .bss                c_p.l(libspace.o)
    0x20002a74   0x00000004   PAD
    0x20002a78   0x00000800   Zero   RW            2    HEAP                startup_fm33lc0xx.o
    0x20003278   0x00000800   Zero   RW            1    STACK               startup_fm33lc0xx.o


==============================================================================

Image component sizes


      Code (inc. data)   RO Data    RW Data    ZI Data      Debug   Object Name

        78         10          0          8          0      28117   adc.o
        80         16          0          0          0       5242   bstim32_timing.o
       512         10          0          0          0      53754   fm33lc0xx_fl_adc.o
       136          6          0          0          0      32006   fm33lc0xx_fl_bstim32.o
       510          4          0          0          0      39173   fm33lc0xx_fl_dma.o
       316          4          0          0          0      46643   fm33lc0xx_fl_gpio.o
       240          8          0          0          0      40978   fm33lc0xx_fl_lptim32.o
        28          0          0          0          0         76   fm33lc0xx_fl_lpuart.o
       744        104          0          0          0      31847   fm33lc0xx_fl_rcc.o
       712         74          0          0          0      44516   fm33lc0xx_fl_uart.o
       154          4          0          0          0      16074   gpio.o
       520         64          0         24      10240       3915   heap_4.o
       150          0          0          0          0       4618   list.o
        48          4          0          0          0      10887   lptim32_timing.o
       498        166          0          8        100      18557   main.o
       278         20          0          0          0      67363   mf_config.o
       516         50          0          1          0      40070   pll.o
       360         56          0          4          0       6676   port.o
       856          0          0          0          0      10613   queue.o
        56         26        192          0       4096        772   startup_fm33lc0xx.o
       416         30          0          0          0       9313   system_fm33lc0xx.o
      2324        336          0         68        300      22251   tasks.o
       108         40          0          4          0       3281   taskuart.o
       842         58          0          0          0      30785   uart.o
       698         70          0         10          0      40184   user_init.o

    ----------------------------------------------------------------------
     11196       1160        224        132      14736     607711   Object Totals
         0          0         32          0          0          0   (incl. Generated)
        16          0          0          5          0          0   (incl. Padding)

    ----------------------------------------------------------------------

      Code (inc. data)   RO Data    RW Data    ZI Data      Debug   Library Member Name

         8          0          0          0          0         68   __main.o
       108          0          0          0          0         76   __printf.o
         0          0          0          0          0          0   __rtentry.o
        12          0          0          0          0          0   __rtentry2.o
         6          0          0          0          0          0   __rtentry4.o
        60          8          0          0          0          0   __scatter.o
        26          0          0          0          0          0   __scatter_copy.o
        28          0          0          0          0          0   __scatter_zi.o
        48          6          0          0          0         88   _printf_char_common.o
        40          6          0          0          0         72   _printf_char_file.o
       108         18          0          0          0         76   _printf_dec.o
        88          4         40          0          0         72   _printf_hex_int.o
       176          0          0          0          0         84   _printf_intcommon.o
         2          0          0          0          0          0   _printf_percent.o
         4          0          0          0          0          0   _printf_percent_end.o
        10          0          0          0          0          0   _printf_u.o
        10          0          0          0          0          0   _printf_x.o
        18          0          0          0          0         68   aeabi_memset.o
       346          0          0          0          0         92   aeabi_sdiv.o
        12          0          0          0          0         64   exit.o
         8          0          0          0          0         60   ferror.o
         6          0          0          0          0        136   heapauxi.o
         2          0          0          0          0          0   libinit.o
         2          0          0          0          0          0   libinit2.o
         2          0          0          0          0          0   libshutdown.o
         2          0          0          0          0          0   libshutdown2.o
         8          4          0          0         96         68   libspace.o
        28          6          0          0          0         84   noretval__2printf.o
        64          0          0          0          0        108   rt_memclr.o
         2          0          0          0          0          0   rtexit.o
        10          0          0          0          0          0   rtexit2.o
        40          0          0          0          0         60   rtudiv10.o
        62          0          0          0          0         80   sys_stackheap_outer.o
         2          0          0          0          0         68   use_no_semi.o
         2          0          0          0          0         68   use_no_semi_2.o

    ----------------------------------------------------------------------
      1356         52         40          0        100       1492   Library Totals
         6          0          0          0          4          0   (incl. Padding)

    ----------------------------------------------------------------------

      Code (inc. data)   RO Data    RW Data    ZI Data      Debug   Library Name

      1350         52         40          0         96       1492   c_p.l

    ----------------------------------------------------------------------
      1356         52         40          0        100       1492   Library Totals

    ----------------------------------------------------------------------

==============================================================================


      Code (inc. data)   RO Data    RW Data    ZI Data      Debug   

     12552       1212        264        132      14836     602663   Grand Totals
     12552       1212        264        132      14836     602663   ELF Image Totals
     12552       1212        264        132          0          0   ROM Totals

==============================================================================

    Total RO  Size (Code + RO Data)                12816 (  12.52kB)
    Total RW  Size (RW Data + ZI Data)             14968 (  14.62kB)
    Total ROM Size (Code + RO Data + RW Data)      12948 (  12.64kB)

==============================================================================

